Component: ARM Compiler 5.06 update 6 (build 750) Tool: armlink [4d35ed]

==============================================================================

Section Cross References

    startup_stm32f10x_md.o(RESET) refers to startup_stm32f10x_md.o(STACK) for __initial_sp
    startup_stm32f10x_md.o(RESET) refers to startup_stm32f10x_md.o(.text) for Reset_Handler
    startup_stm32f10x_md.o(RESET) refers to stm32f10x_it.o(.text) for NMI_Handler
    startup_stm32f10x_md.o(RESET) refers to main.o(.text) for TIM2_IRQHandler
    startup_stm32f10x_md.o(.text) refers to system_stm32f10x.o(.text) for SystemInit
    startup_stm32f10x_md.o(.text) refers to entry.o(.ARM.Collect$$$$00000000) for __main
    stm32f10x_it.o(.text) refers to stm32f10x_rcc.o(.text) for RCC_GetFlagStatus
    stm32f10x_it.o(.text) refers to stm32f10x_wwdg.o(.text) for WWDG_SetCounter
    stm32f10x_it.o(.text) refers to stm32f10x_it.o(.data) for usTicks
    main.o(.text) refers to delay.o(.text) for delay_init
    main.o(.text) refers to watchdog.o(.text) for WWDG_Init
    main.o(.text) refers to led.o(.text) for LED_GPIO_Init
    main.o(.text) refers to esp8266.o(.text) for Wifi_GPIO_Init
    main.o(.text) refers to mpu9250.o(.text) for MPU9250_Init
    main.o(.text) refers to spi_flash.o(.text) for SPI_FLASH_Init
    main.o(.text) refers to time.o(.text) for TIME_Init
    main.o(.text) refers to usart3.o(.text) for USART3_Init
    main.o(.text) refers to usart1.o(.text) for USART1_Init
    main.o(.text) refers to stm32f10x_gpio.o(.text) for GPIO_ResetBits
    main.o(.text) refers to stm32f10x_usart.o(.text) for USART_GetFlagStatus
    main.o(.text) refers to stm32f10x_tim.o(.text) for TIM_GetITStatus
    main.o(.text) refers to printf3.o(i.__0printf$3) for __2printf
    main.o(.text) refers to main.o(.data) for tim2send_flag
    usart1.o(.text) refers to stm32f10x_rcc.o(.text) for RCC_APB2PeriphClockCmd
    usart1.o(.text) refers to stm32f10x_gpio.o(.text) for GPIO_Init
    usart1.o(.text) refers to stm32f10x_usart.o(.text) for USART_Init
    usart1.o(.text) refers to misc.o(.text) for NVIC_PriorityGroupConfig
    usart1.o(.text) refers to stm32f10x_dma.o(.text) for DMA_DeInit
    usart1.o(.text) refers to usart1.o(.bss) for SendBuff
    usart3.o(.text) refers to stm32f10x_rcc.o(.text) for RCC_APB2PeriphClockCmd
    usart3.o(.text) refers to stm32f10x_gpio.o(.text) for GPIO_Init
    usart3.o(.text) refers to misc.o(.text) for NVIC_PriorityGroupConfig
    usart3.o(.text) refers to stm32f10x_usart.o(.text) for USART_Init
    led.o(.text) refers to stm32f10x_rcc.o(.text) for RCC_APB2PeriphClockCmd
    led.o(.text) refers to stm32f10x_gpio.o(.text) for GPIO_Init
    led.o(.text) refers to delay.o(.text) for delay_ms
    delay.o(.text) refers to misc.o(.text) for SysTick_CLKSourceConfig
    delay.o(.text) refers to delay.o(.data) for fac_us
    esp8266.o(.text) refers to stm32f10x_rcc.o(.text) for RCC_APB2PeriphClockCmd
    esp8266.o(.text) refers to stm32f10x_gpio.o(.text) for GPIO_Init
    esp8266.o(.text) refers to printf3.o(i.__0printf$3) for __2printf
    esp8266.o(.text) refers to mpu9250.o(.text) for MPU9250_Buffer_Reset
    esp8266.o(.text) refers to stm32f10x_tim.o(.text) for TIM_Cmd
    esp8266.o(.text) refers to datapro.o(.text) for Write_W25Q128
    esp8266.o(.text) refers to delay.o(.text) for delay_ms
    esp8266.o(.text) refers to sysreset.o(.text) for Soft_Reset_System
    esp8266.o(.text) refers to esp8266.o(.data) for statusflag
    esp8266.o(.text) refers to main.o(.data) for data_cnt
    i2c.o(.text) refers to stm32f10x_rcc.o(.text) for RCC_APB2PeriphClockCmd
    i2c.o(.text) refers to stm32f10x_gpio.o(.text) for GPIO_Init
    i2c.o(.text) refers to delay.o(.text) for delay_us
    mpu9250.o(.text) refers to i2c.o(.text) for I2C_Start
    mpu9250.o(.text) refers to delay.o(.text) for delay_ms
    mpu9250.o(.text) refers to stm32f10x_gpio.o(.text) for GPIO_SetBits
    mpu9250.o(.text) refers to printf3.o(i.__0printf$3) for __2printf
    mpu9250.o(.text) refers to mpu9250.o(.data) for BufferSize
    mpu9250.o(.text) refers to mpu9250.o(.bss) for FlashWriteBuffer
    spi_flash.o(.text) refers to stm32f10x_rcc.o(.text) for RCC_APB2PeriphClockCmd
    spi_flash.o(.text) refers to stm32f10x_gpio.o(.text) for GPIO_Init
    spi_flash.o(.text) refers to stm32f10x_spi.o(.text) for SPI_Init
    datapro.o(.text) refers to spi_flash.o(.text) for SPI_FLASH_PageWrite
    datapro.o(.text) refers to stm32f10x_tim.o(.text) for TIM_Cmd
    datapro.o(.text) refers to stm32f10x_gpio.o(.text) for GPIO_ResetBits
    datapro.o(.text) refers to printf3.o(i.__0printf$3) for __2printf
    datapro.o(.text) refers to memseta.o(.text) for __aeabi_memclr4
    datapro.o(.text) refers to usart1.o(.text) for USART_printf
    datapro.o(.text) refers to datapro.o(.data) for page_cnt_write
    datapro.o(.text) refers to mpu9250.o(.bss) for caches
    datapro.o(.text) refers to stm32f10x_usart.o(.text) for USART_Cmd
    watchdog.o(.text) refers to misc.o(.text) for NVIC_Init
    watchdog.o(.text) refers to stm32f10x_rcc.o(.text) for RCC_APB1PeriphClockCmd
    watchdog.o(.text) refers to stm32f10x_wwdg.o(.text) for WWDG_SetPrescaler
    time.o(.text) refers to stm32f10x_rcc.o(.text) for RCC_APB1PeriphClockCmd
    time.o(.text) refers to stm32f10x_tim.o(.text) for TIM_TimeBaseInit
    time.o(.text) refers to misc.o(.text) for NVIC_PriorityGroupConfig
    stm32f10x_adc.o(.text) refers to stm32f10x_rcc.o(.text) for RCC_APB2PeriphResetCmd
    stm32f10x_bkp.o(.text) refers to stm32f10x_rcc.o(.text) for RCC_BackupResetCmd
    stm32f10x_can.o(.text) refers to stm32f10x_rcc.o(.text) for RCC_APB1PeriphResetCmd
    stm32f10x_cec.o(.text) refers to stm32f10x_rcc.o(.text) for RCC_APB1PeriphResetCmd
    stm32f10x_dac.o(.text) refers to stm32f10x_rcc.o(.text) for RCC_APB1PeriphResetCmd
    stm32f10x_gpio.o(.text) refers to stm32f10x_rcc.o(.text) for RCC_APB2PeriphResetCmd
    stm32f10x_i2c.o(.text) refers to stm32f10x_rcc.o(.text) for RCC_APB1PeriphResetCmd
    stm32f10x_pwr.o(.text) refers to stm32f10x_rcc.o(.text) for RCC_APB1PeriphResetCmd
    stm32f10x_rcc.o(.text) refers to stm32f10x_rcc.o(.data) for APBAHBPrescTable
    stm32f10x_spi.o(.text) refers to stm32f10x_rcc.o(.text) for RCC_APB2PeriphResetCmd
    stm32f10x_tim.o(.text) refers to stm32f10x_rcc.o(.text) for RCC_APB2PeriphResetCmd
    stm32f10x_usart.o(.text) refers to stm32f10x_rcc.o(.text) for RCC_APB2PeriphResetCmd
    stm32f10x_wwdg.o(.text) refers to stm32f10x_rcc.o(.text) for RCC_APB1PeriphResetCmd
    system_stm32f10x.o(.text) refers to system_stm32f10x.o(.data) for SystemCoreClock
    entry.o(.ARM.Collect$$$$00000000) refers (Special) to entry10a.o(.ARM.Collect$$$$0000000D) for __rt_final_cpp
    entry.o(.ARM.Collect$$$$00000000) refers (Special) to entry11a.o(.ARM.Collect$$$$0000000F) for __rt_final_exit
    entry.o(.ARM.Collect$$$$00000000) refers (Special) to entry7b.o(.ARM.Collect$$$$00000008) for _main_clock
    entry.o(.ARM.Collect$$$$00000000) refers (Special) to entry8b.o(.ARM.Collect$$$$0000000A) for _main_cpp_init
    entry.o(.ARM.Collect$$$$00000000) refers (Special) to entry9a.o(.ARM.Collect$$$$0000000B) for _main_init
    entry.o(.ARM.Collect$$$$00000000) refers (Special) to entry5.o(.ARM.Collect$$$$00000004) for _main_scatterload
    entry.o(.ARM.Collect$$$$00000000) refers (Special) to entry2.o(.ARM.Collect$$$$00000001) for _main_stk
    printfb.o(i.__0fprintf$bare) refers to printfb.o(i._printf_core) for _printf_core
    printfb.o(i.__0fprintf$bare) refers to usart3.o(.text) for fputc
    printfb.o(i.__0printf$bare) refers to printfb.o(i._printf_core) for _printf_core
    printfb.o(i.__0printf$bare) refers to usart3.o(.text) for fputc
    printfb.o(i.__0printf$bare) refers to stdout.o(.data) for __stdout
    printfb.o(i.__0snprintf$bare) refers to printfb.o(i._printf_core) for _printf_core
    printfb.o(i.__0snprintf$bare) refers to printfb.o(i._snputc) for _snputc
    printfb.o(i.__0sprintf$bare) refers to printfb.o(i._printf_core) for _printf_core
    printfb.o(i.__0sprintf$bare) refers to printfb.o(i._sputc) for _sputc
    printfb.o(i.__0vfprintf$bare) refers to printfb.o(i._printf_core) for _printf_core
    printfb.o(i.__0vfprintf$bare) refers to usart3.o(.text) for fputc
    printfb.o(i.__0vprintf$bare) refers to printfb.o(i._printf_core) for _printf_core
    printfb.o(i.__0vprintf$bare) refers to usart3.o(.text) for fputc
    printfb.o(i.__0vprintf$bare) refers to stdout.o(.data) for __stdout
    printfb.o(i.__0vsnprintf$bare) refers to printfb.o(i._printf_core) for _printf_core
    printfb.o(i.__0vsnprintf$bare) refers to printfb.o(i._snputc) for _snputc
    printfb.o(i.__0vsprintf$bare) refers to printfb.o(i._printf_core) for _printf_core
    printfb.o(i.__0vsprintf$bare) refers to printfb.o(i._sputc) for _sputc
    printf0.o(i.__0fprintf$0) refers to printf0.o(i._printf_core) for _printf_core
    printf0.o(i.__0fprintf$0) refers to usart3.o(.text) for fputc
    printf0.o(i.__0printf$0) refers to printf0.o(i._printf_core) for _printf_core
    printf0.o(i.__0printf$0) refers to usart3.o(.text) for fputc
    printf0.o(i.__0printf$0) refers to stdout.o(.data) for __stdout
    printf0.o(i.__0snprintf$0) refers to printf0.o(i._printf_core) for _printf_core
    printf0.o(i.__0snprintf$0) refers to printf0.o(i._snputc) for _snputc
    printf0.o(i.__0sprintf$0) refers to printf0.o(i._printf_core) for _printf_core
    printf0.o(i.__0sprintf$0) refers to printf0.o(i._sputc) for _sputc
    printf0.o(i.__0vfprintf$0) refers to printf0.o(i._printf_core) for _printf_core
    printf0.o(i.__0vfprintf$0) refers to usart3.o(.text) for fputc
    printf0.o(i.__0vprintf$0) refers to printf0.o(i._printf_core) for _printf_core
    printf0.o(i.__0vprintf$0) refers to usart3.o(.text) for fputc
    printf0.o(i.__0vprintf$0) refers to stdout.o(.data) for __stdout
    printf0.o(i.__0vsnprintf$0) refers to printf0.o(i._printf_core) for _printf_core
    printf0.o(i.__0vsnprintf$0) refers to printf0.o(i._snputc) for _snputc
    printf0.o(i.__0vsprintf$0) refers to printf0.o(i._printf_core) for _printf_core
    printf0.o(i.__0vsprintf$0) refers to printf0.o(i._sputc) for _sputc
    printf1.o(i.__0fprintf$1) refers to printf1.o(i._printf_core) for _printf_core
    printf1.o(i.__0fprintf$1) refers to usart3.o(.text) for fputc
    printf1.o(i.__0printf$1) refers to printf1.o(i._printf_core) for _printf_core
    printf1.o(i.__0printf$1) refers to usart3.o(.text) for fputc
    printf1.o(i.__0printf$1) refers to stdout.o(.data) for __stdout
    printf1.o(i.__0snprintf$1) refers to printf1.o(i._printf_core) for _printf_core
    printf1.o(i.__0snprintf$1) refers to printf1.o(i._snputc) for _snputc
    printf1.o(i.__0sprintf$1) refers to printf1.o(i._printf_core) for _printf_core
    printf1.o(i.__0sprintf$1) refers to printf1.o(i._sputc) for _sputc
    printf1.o(i.__0vfprintf$1) refers to printf1.o(i._printf_core) for _printf_core
    printf1.o(i.__0vfprintf$1) refers to usart3.o(.text) for fputc
    printf1.o(i.__0vprintf$1) refers to printf1.o(i._printf_core) for _printf_core
    printf1.o(i.__0vprintf$1) refers to usart3.o(.text) for fputc
    printf1.o(i.__0vprintf$1) refers to stdout.o(.data) for __stdout
    printf1.o(i.__0vsnprintf$1) refers to printf1.o(i._printf_core) for _printf_core
    printf1.o(i.__0vsnprintf$1) refers to printf1.o(i._snputc) for _snputc
    printf1.o(i.__0vsprintf$1) refers to printf1.o(i._printf_core) for _printf_core
    printf1.o(i.__0vsprintf$1) refers to printf1.o(i._sputc) for _sputc
    printf1.o(i._printf_core) refers to uidiv.o(.text) for __aeabi_uidivmod
    printf2.o(i.__0fprintf$2) refers to printf2.o(i._printf_core) for _printf_core
    printf2.o(i.__0fprintf$2) refers to usart3.o(.text) for fputc
    printf2.o(i.__0printf$2) refers to printf2.o(i._printf_core) for _printf_core
    printf2.o(i.__0printf$2) refers to usart3.o(.text) for fputc
    printf2.o(i.__0printf$2) refers to stdout.o(.data) for __stdout
    printf2.o(i.__0snprintf$2) refers to printf2.o(i._printf_core) for _printf_core
    printf2.o(i.__0snprintf$2) refers to printf2.o(i._snputc) for _snputc
    printf2.o(i.__0sprintf$2) refers to printf2.o(i._printf_core) for _printf_core
    printf2.o(i.__0sprintf$2) refers to printf2.o(i._sputc) for _sputc
    printf2.o(i.__0vfprintf$2) refers to printf2.o(i._printf_core) for _printf_core
    printf2.o(i.__0vfprintf$2) refers to usart3.o(.text) for fputc
    printf2.o(i.__0vprintf$2) refers to printf2.o(i._printf_core) for _printf_core
    printf2.o(i.__0vprintf$2) refers to usart3.o(.text) for fputc
    printf2.o(i.__0vprintf$2) refers to stdout.o(.data) for __stdout
    printf2.o(i.__0vsnprintf$2) refers to printf2.o(i._printf_core) for _printf_core
    printf2.o(i.__0vsnprintf$2) refers to printf2.o(i._snputc) for _snputc
    printf2.o(i.__0vsprintf$2) refers to printf2.o(i._printf_core) for _printf_core
    printf2.o(i.__0vsprintf$2) refers to printf2.o(i._sputc) for _sputc
    printf3.o(i.__0fprintf$3) refers to printf3.o(i._printf_core) for _printf_core
    printf3.o(i.__0fprintf$3) refers to usart3.o(.text) for fputc
    printf3.o(i.__0printf$3) refers to printf3.o(i._printf_core) for _printf_core
    printf3.o(i.__0printf$3) refers to usart3.o(.text) for fputc
    printf3.o(i.__0printf$3) refers to stdout.o(.data) for __stdout
    printf3.o(i.__0snprintf$3) refers to printf3.o(i._printf_core) for _printf_core
    printf3.o(i.__0snprintf$3) refers to printf3.o(i._snputc) for _snputc
    printf3.o(i.__0sprintf$3) refers to printf3.o(i._printf_core) for _printf_core
    printf3.o(i.__0sprintf$3) refers to printf3.o(i._sputc) for _sputc
    printf3.o(i.__0vfprintf$3) refers to printf3.o(i._printf_core) for _printf_core
    printf3.o(i.__0vfprintf$3) refers to usart3.o(.text) for fputc
    printf3.o(i.__0vprintf$3) refers to printf3.o(i._printf_core) for _printf_core
    printf3.o(i.__0vprintf$3) refers to usart3.o(.text) for fputc
    printf3.o(i.__0vprintf$3) refers to stdout.o(.data) for __stdout
    printf3.o(i.__0vsnprintf$3) refers to printf3.o(i._printf_core) for _printf_core
    printf3.o(i.__0vsnprintf$3) refers to printf3.o(i._snputc) for _snputc
    printf3.o(i.__0vsprintf$3) refers to printf3.o(i._printf_core) for _printf_core
    printf3.o(i.__0vsprintf$3) refers to printf3.o(i._sputc) for _sputc
    printf3.o(i._printf_core) refers to uidiv.o(.text) for __aeabi_uidivmod
    printf4.o(i.__0fprintf$4) refers to printf4.o(i._printf_core) for _printf_core
    printf4.o(i.__0fprintf$4) refers to usart3.o(.text) for fputc
    printf4.o(i.__0printf$4) refers to printf4.o(i._printf_core) for _printf_core
    printf4.o(i.__0printf$4) refers to usart3.o(.text) for fputc
    printf4.o(i.__0printf$4) refers to stdout.o(.data) for __stdout
    printf4.o(i.__0snprintf$4) refers to printf4.o(i._printf_core) for _printf_core
    printf4.o(i.__0snprintf$4) refers to printf4.o(i._snputc) for _snputc
    printf4.o(i.__0sprintf$4) refers to printf4.o(i._printf_core) for _printf_core
    printf4.o(i.__0sprintf$4) refers to printf4.o(i._sputc) for _sputc
    printf4.o(i.__0vfprintf$4) refers to printf4.o(i._printf_core) for _printf_core
    printf4.o(i.__0vfprintf$4) refers to usart3.o(.text) for fputc
    printf4.o(i.__0vprintf$4) refers to printf4.o(i._printf_core) for _printf_core
    printf4.o(i.__0vprintf$4) refers to usart3.o(.text) for fputc
    printf4.o(i.__0vprintf$4) refers to stdout.o(.data) for __stdout
    printf4.o(i.__0vsnprintf$4) refers to printf4.o(i._printf_core) for _printf_core
    printf4.o(i.__0vsnprintf$4) refers to printf4.o(i._snputc) for _snputc
    printf4.o(i.__0vsprintf$4) refers to printf4.o(i._printf_core) for _printf_core
    printf4.o(i.__0vsprintf$4) refers to printf4.o(i._sputc) for _sputc
    printf4.o(i._printf_core) refers to uldiv.o(.text) for __aeabi_uldivmod
    printf5.o(i.__0fprintf$5) refers to printf5.o(i._printf_core) for _printf_core
    printf5.o(i.__0fprintf$5) refers to usart3.o(.text) for fputc
    printf5.o(i.__0printf$5) refers to printf5.o(i._printf_core) for _printf_core
    printf5.o(i.__0printf$5) refers to usart3.o(.text) for fputc
    printf5.o(i.__0printf$5) refers to stdout.o(.data) for __stdout
    printf5.o(i.__0snprintf$5) refers to printf5.o(i._printf_core) for _printf_core
    printf5.o(i.__0snprintf$5) refers to printf5.o(i._snputc) for _snputc
    printf5.o(i.__0sprintf$5) refers to printf5.o(i._printf_core) for _printf_core
    printf5.o(i.__0sprintf$5) refers to printf5.o(i._sputc) for _sputc
    printf5.o(i.__0vfprintf$5) refers to printf5.o(i._printf_core) for _printf_core
    printf5.o(i.__0vfprintf$5) refers to usart3.o(.text) for fputc
    printf5.o(i.__0vprintf$5) refers to printf5.o(i._printf_core) for _printf_core
    printf5.o(i.__0vprintf$5) refers to usart3.o(.text) for fputc
    printf5.o(i.__0vprintf$5) refers to stdout.o(.data) for __stdout
    printf5.o(i.__0vsnprintf$5) refers to printf5.o(i._printf_core) for _printf_core
    printf5.o(i.__0vsnprintf$5) refers to printf5.o(i._snputc) for _snputc
    printf5.o(i.__0vsprintf$5) refers to printf5.o(i._printf_core) for _printf_core
    printf5.o(i.__0vsprintf$5) refers to printf5.o(i._sputc) for _sputc
    printf5.o(i._printf_core) refers to uldiv.o(.text) for __aeabi_uldivmod
    printf6.o(i.__0fprintf$6) refers to printf6.o(i._printf_core) for _printf_core
    printf6.o(i.__0fprintf$6) refers to usart3.o(.text) for fputc
    printf6.o(i.__0printf$6) refers to printf6.o(i._printf_core) for _printf_core
    printf6.o(i.__0printf$6) refers to usart3.o(.text) for fputc
    printf6.o(i.__0printf$6) refers to stdout.o(.data) for __stdout
    printf6.o(i.__0snprintf$6) refers to printf6.o(i._printf_core) for _printf_core
    printf6.o(i.__0snprintf$6) refers to printf6.o(i._snputc) for _snputc
    printf6.o(i.__0sprintf$6) refers to printf6.o(i._printf_core) for _printf_core
    printf6.o(i.__0sprintf$6) refers to printf6.o(i._sputc) for _sputc
    printf6.o(i.__0vfprintf$6) refers to printf6.o(i._printf_core) for _printf_core
    printf6.o(i.__0vfprintf$6) refers to usart3.o(.text) for fputc
    printf6.o(i.__0vprintf$6) refers to printf6.o(i._printf_core) for _printf_core
    printf6.o(i.__0vprintf$6) refers to usart3.o(.text) for fputc
    printf6.o(i.__0vprintf$6) refers to stdout.o(.data) for __stdout
    printf6.o(i.__0vsnprintf$6) refers to printf6.o(i._printf_core) for _printf_core
    printf6.o(i.__0vsnprintf$6) refers to printf6.o(i._snputc) for _snputc
    printf6.o(i.__0vsprintf$6) refers to printf6.o(i._printf_core) for _printf_core
    printf6.o(i.__0vsprintf$6) refers to printf6.o(i._sputc) for _sputc
    printf6.o(i._printf_core) refers to printf6.o(i._printf_pre_padding) for _printf_pre_padding
    printf6.o(i._printf_core) refers to uidiv.o(.text) for __aeabi_uidivmod
    printf6.o(i._printf_core) refers to printf6.o(i._printf_post_padding) for _printf_post_padding
    printf7.o(i.__0fprintf$7) refers to printf7.o(i._printf_core) for _printf_core
    printf7.o(i.__0fprintf$7) refers to usart3.o(.text) for fputc
    printf7.o(i.__0printf$7) refers to printf7.o(i._printf_core) for _printf_core
    printf7.o(i.__0printf$7) refers to usart3.o(.text) for fputc
    printf7.o(i.__0printf$7) refers to stdout.o(.data) for __stdout
    printf7.o(i.__0snprintf$7) refers to printf7.o(i._printf_core) for _printf_core
    printf7.o(i.__0snprintf$7) refers to printf7.o(i._snputc) for _snputc
    printf7.o(i.__0sprintf$7) refers to printf7.o(i._printf_core) for _printf_core
    printf7.o(i.__0sprintf$7) refers to printf7.o(i._sputc) for _sputc
    printf7.o(i.__0vfprintf$7) refers to printf7.o(i._printf_core) for _printf_core
    printf7.o(i.__0vfprintf$7) refers to usart3.o(.text) for fputc
    printf7.o(i.__0vprintf$7) refers to printf7.o(i._printf_core) for _printf_core
    printf7.o(i.__0vprintf$7) refers to usart3.o(.text) for fputc
    printf7.o(i.__0vprintf$7) refers to stdout.o(.data) for __stdout
    printf7.o(i.__0vsnprintf$7) refers to printf7.o(i._printf_core) for _printf_core
    printf7.o(i.__0vsnprintf$7) refers to printf7.o(i._snputc) for _snputc
    printf7.o(i.__0vsprintf$7) refers to printf7.o(i._printf_core) for _printf_core
    printf7.o(i.__0vsprintf$7) refers to printf7.o(i._sputc) for _sputc
    printf7.o(i._printf_core) refers to printf7.o(i._printf_pre_padding) for _printf_pre_padding
    printf7.o(i._printf_core) refers to uldiv.o(.text) for __aeabi_uldivmod
    printf7.o(i._printf_core) refers to printf7.o(i._printf_post_padding) for _printf_post_padding
    printf8.o(i.__0fprintf$8) refers to printf8.o(i._printf_core) for _printf_core
    printf8.o(i.__0fprintf$8) refers to usart3.o(.text) for fputc
    printf8.o(i.__0printf$8) refers to printf8.o(i._printf_core) for _printf_core
    printf8.o(i.__0printf$8) refers to usart3.o(.text) for fputc
    printf8.o(i.__0printf$8) refers to stdout.o(.data) for __stdout
    printf8.o(i.__0snprintf$8) refers to printf8.o(i._printf_core) for _printf_core
    printf8.o(i.__0snprintf$8) refers to printf8.o(i._snputc) for _snputc
    printf8.o(i.__0sprintf$8) refers to printf8.o(i._printf_core) for _printf_core
    printf8.o(i.__0sprintf$8) refers to printf8.o(i._sputc) for _sputc
    printf8.o(i.__0vfprintf$8) refers to printf8.o(i._printf_core) for _printf_core
    printf8.o(i.__0vfprintf$8) refers to usart3.o(.text) for fputc
    printf8.o(i.__0vprintf$8) refers to printf8.o(i._printf_core) for _printf_core
    printf8.o(i.__0vprintf$8) refers to usart3.o(.text) for fputc
    printf8.o(i.__0vprintf$8) refers to stdout.o(.data) for __stdout
    printf8.o(i.__0vsnprintf$8) refers to printf8.o(i._printf_core) for _printf_core
    printf8.o(i.__0vsnprintf$8) refers to printf8.o(i._snputc) for _snputc
    printf8.o(i.__0vsprintf$8) refers to printf8.o(i._printf_core) for _printf_core
    printf8.o(i.__0vsprintf$8) refers to printf8.o(i._sputc) for _sputc
    printf8.o(i._printf_core) refers to printf8.o(i._printf_pre_padding) for _printf_pre_padding
    printf8.o(i._printf_core) refers to uldiv.o(.text) for __aeabi_uldivmod
    printf8.o(i._printf_core) refers to printf8.o(i._printf_post_padding) for _printf_post_padding
    printfa.o(i.__0fprintf) refers (Special) to iusefp.o(.text) for __I$use$fp
    printfa.o(i.__0fprintf) refers to printfa.o(i._printf_core) for _printf_core
    printfa.o(i.__0fprintf) refers to usart3.o(.text) for fputc
    printfa.o(i.__0printf) refers (Special) to iusefp.o(.text) for __I$use$fp
    printfa.o(i.__0printf) refers to printfa.o(i._printf_core) for _printf_core
    printfa.o(i.__0printf) refers to usart3.o(.text) for fputc
    printfa.o(i.__0printf) refers to stdout.o(.data) for __stdout
    printfa.o(i.__0snprintf) refers (Special) to iusefp.o(.text) for __I$use$fp
    printfa.o(i.__0snprintf) refers to printfa.o(i._printf_core) for _printf_core
    printfa.o(i.__0snprintf) refers to printfa.o(i._snputc) for _snputc
    printfa.o(i.__0sprintf) refers (Special) to iusefp.o(.text) for __I$use$fp
    printfa.o(i.__0sprintf) refers to printfa.o(i._printf_core) for _printf_core
    printfa.o(i.__0sprintf) refers to printfa.o(i._sputc) for _sputc
    printfa.o(i.__0vfprintf) refers (Special) to iusefp.o(.text) for __I$use$fp
    printfa.o(i.__0vfprintf) refers to printfa.o(i._printf_core) for _printf_core
    printfa.o(i.__0vfprintf) refers to usart3.o(.text) for fputc
    printfa.o(i.__0vprintf) refers (Special) to iusefp.o(.text) for __I$use$fp
    printfa.o(i.__0vprintf) refers to printfa.o(i._printf_core) for _printf_core
    printfa.o(i.__0vprintf) refers to usart3.o(.text) for fputc
    printfa.o(i.__0vprintf) refers to stdout.o(.data) for __stdout
    printfa.o(i.__0vsnprintf) refers (Special) to iusefp.o(.text) for __I$use$fp
    printfa.o(i.__0vsnprintf) refers to printfa.o(i._printf_core) for _printf_core
    printfa.o(i.__0vsnprintf) refers to printfa.o(i._snputc) for _snputc
    printfa.o(i.__0vsprintf) refers (Special) to iusefp.o(.text) for __I$use$fp
    printfa.o(i.__0vsprintf) refers to printfa.o(i._printf_core) for _printf_core
    printfa.o(i.__0vsprintf) refers to printfa.o(i._sputc) for _sputc
    printfa.o(i._fp_digits) refers (Special) to iusefp.o(.text) for __I$use$fp
    printfa.o(i._fp_digits) refers to dmul.o(.text) for __aeabi_dmul
    printfa.o(i._fp_digits) refers to ddiv.o(.text) for __aeabi_ddiv
    printfa.o(i._fp_digits) refers to cdrcmple.o(.text) for __aeabi_cdrcmple
    printfa.o(i._fp_digits) refers to dadd.o(.text) for __aeabi_dadd
    printfa.o(i._fp_digits) refers to dfixul.o(.text) for __aeabi_d2ulz
    printfa.o(i._fp_digits) refers to uldiv.o(.text) for __aeabi_uldivmod
    printfa.o(i._printf_core) refers (Special) to iusefp.o(.text) for __I$use$fp
    printfa.o(i._printf_core) refers to printfa.o(i._printf_pre_padding) for _printf_pre_padding
    printfa.o(i._printf_core) refers to uldiv.o(.text) for __aeabi_uldivmod
    printfa.o(i._printf_core) refers to printfa.o(i._printf_post_padding) for _printf_post_padding
    printfa.o(i._printf_core) refers to printfa.o(i._fp_digits) for _fp_digits
    printfa.o(i._printf_core) refers to uidiv.o(.text) for __aeabi_uidivmod
    printfa.o(i._printf_post_padding) refers (Special) to iusefp.o(.text) for __I$use$fp
    printfa.o(i._printf_pre_padding) refers (Special) to iusefp.o(.text) for __I$use$fp
    printfa.o(i._snputc) refers (Special) to iusefp.o(.text) for __I$use$fp
    printfa.o(i._sputc) refers (Special) to iusefp.o(.text) for __I$use$fp
    entry2.o(.ARM.Collect$$$$00000001) refers to entry2.o(.ARM.Collect$$$$00002712) for __lit__00000000
    entry2.o(.ARM.Collect$$$$00002712) refers to startup_stm32f10x_md.o(STACK) for __initial_sp
    entry2.o(__vectab_stack_and_reset_area) refers to startup_stm32f10x_md.o(STACK) for __initial_sp
    entry2.o(__vectab_stack_and_reset_area) refers to entry.o(.ARM.Collect$$$$00000000) for __main
    entry5.o(.ARM.Collect$$$$00000004) refers to init.o(.text) for __scatterload
    entry9a.o(.ARM.Collect$$$$0000000B) refers to main.o(.text) for main
    entry9b.o(.ARM.Collect$$$$0000000C) refers to main.o(.text) for main
    uldiv.o(.text) refers to llushr.o(.text) for __aeabi_llsr
    uldiv.o(.text) refers to llshl.o(.text) for __aeabi_llsl
    dadd.o(.text) refers to llshl.o(.text) for __aeabi_llsl
    dadd.o(.text) refers to llsshr.o(.text) for __aeabi_lasr
    dadd.o(.text) refers to depilogue.o(.text) for _double_epilogue
    dmul.o(.text) refers to depilogue.o(.text) for _double_epilogue
    ddiv.o(.text) refers to depilogue.o(.text) for _double_round
    dfixul.o(.text) refers to llushr.o(.text) for __aeabi_llsr
    dfixul.o(.text) refers to llshl.o(.text) for __aeabi_llsl
    init.o(.text) refers to entry5.o(.ARM.Collect$$$$00000004) for __main_after_scatterload
    depilogue.o(.text) refers to llshl.o(.text) for __aeabi_llsl
    depilogue.o(.text) refers to llushr.o(.text) for __aeabi_llsr


==============================================================================

Removing Unused input sections from the image.

    Removing startup_stm32f10x_md.o(HEAP), (512 bytes).
    Removing stm32f10x_adc.o(.text), (1102 bytes).
    Removing stm32f10x_bkp.o(.text), (196 bytes).
    Removing stm32f10x_can.o(.text), (2544 bytes).
    Removing stm32f10x_cec.o(.text), (288 bytes).
    Removing stm32f10x_crc.o(.text), (72 bytes).
    Removing stm32f10x_dac.o(.text), (396 bytes).
    Removing stm32f10x_dbgmcu.o(.text), (48 bytes).
    Removing stm32f10x_exti.o(.text), (284 bytes).
    Removing stm32f10x_flash.o(.text), (1468 bytes).
    Removing stm32f10x_fsmc.o(.text), (1548 bytes).
    Removing stm32f10x_i2c.o(.text), (1028 bytes).
    Removing stm32f10x_iwdg.o(.text), (64 bytes).
    Removing stm32f10x_pwr.o(.text), (204 bytes).
    Removing stm32f10x_rtc.o(.text), (328 bytes).
    Removing stm32f10x_sdio.o(.text), (468 bytes).
    Removing core_cm3.o(.emb_text), (32 bytes).
    Removing dadd.o(.text), (334 bytes).
    Removing dmul.o(.text), (228 bytes).
    Removing ddiv.o(.text), (222 bytes).
    Removing dfixul.o(.text), (48 bytes).
    Removing cdrcmple.o(.text), (48 bytes).
    Removing depilogue.o(.text), (186 bytes).

23 unused section(s) (total 11648 bytes) removed from the image.

==============================================================================

Image Symbol Table

    Local Symbols

    Symbol Name                              Value     Ov Type        Size  Object(Section)

    ../clib/microlib/division.c              0x00000000   Number         0  uidiv.o ABSOLUTE
    ../clib/microlib/division.c              0x00000000   Number         0  uldiv.o ABSOLUTE
    ../clib/microlib/init/entry.s            0x00000000   Number         0  entry.o ABSOLUTE
    ../clib/microlib/init/entry.s            0x00000000   Number         0  entry11b.o ABSOLUTE
    ../clib/microlib/init/entry.s            0x00000000   Number         0  entry11a.o ABSOLUTE
    ../clib/microlib/init/entry.s            0x00000000   Number         0  entry10b.o ABSOLUTE
    ../clib/microlib/init/entry.s            0x00000000   Number         0  entry10a.o ABSOLUTE
    ../clib/microlib/init/entry.s            0x00000000   Number         0  entry2.o ABSOLUTE
    ../clib/microlib/init/entry.s            0x00000000   Number         0  entry9b.o ABSOLUTE
    ../clib/microlib/init/entry.s            0x00000000   Number         0  entry9a.o ABSOLUTE
    ../clib/microlib/init/entry.s            0x00000000   Number         0  entry8b.o ABSOLUTE
    ../clib/microlib/init/entry.s            0x00000000   Number         0  entry8a.o ABSOLUTE
    ../clib/microlib/init/entry.s            0x00000000   Number         0  entry7b.o ABSOLUTE
    ../clib/microlib/init/entry.s            0x00000000   Number         0  entry7a.o ABSOLUTE
    ../clib/microlib/init/entry.s            0x00000000   Number         0  entry5.o ABSOLUTE
    ../clib/microlib/longlong.c              0x00000000   Number         0  llsshr.o ABSOLUTE
    ../clib/microlib/longlong.c              0x00000000   Number         0  llshl.o ABSOLUTE
    ../clib/microlib/longlong.c              0x00000000   Number         0  llushr.o ABSOLUTE
    ../clib/microlib/printf/printf.c         0x00000000   Number         0  printfb.o ABSOLUTE
    ../clib/microlib/printf/printf.c         0x00000000   Number         0  printf0.o ABSOLUTE
    ../clib/microlib/printf/printf.c         0x00000000   Number         0  printf8.o ABSOLUTE
    ../clib/microlib/printf/printf.c         0x00000000   Number         0  printf7.o ABSOLUTE
    ../clib/microlib/printf/printf.c         0x00000000   Number         0  printf6.o ABSOLUTE
    ../clib/microlib/printf/printf.c         0x00000000   Number         0  printf5.o ABSOLUTE
    ../clib/microlib/printf/printf.c         0x00000000   Number         0  printf4.o ABSOLUTE
    ../clib/microlib/printf/printf.c         0x00000000   Number         0  printf3.o ABSOLUTE
    ../clib/microlib/printf/printf.c         0x00000000   Number         0  printf2.o ABSOLUTE
    ../clib/microlib/printf/printf.c         0x00000000   Number         0  printfa.o ABSOLUTE
    ../clib/microlib/printf/printf.c         0x00000000   Number         0  printf1.o ABSOLUTE
    ../clib/microlib/printf/stubs.s          0x00000000   Number         0  stubs.o ABSOLUTE
    ../clib/microlib/stdio/streams.c         0x00000000   Number         0  stdout.o ABSOLUTE
    ../clib/microlib/string/memset.c         0x00000000   Number         0  memseta.o ABSOLUTE
    ../clib/microlib/stubs.s                 0x00000000   Number         0  iusefp.o ABSOLUTE
    ../fplib/microlib/fpadd.c                0x00000000   Number         0  dadd.o ABSOLUTE
    ../fplib/microlib/fpdiv.c                0x00000000   Number         0  ddiv.o ABSOLUTE
    ../fplib/microlib/fpepilogue.c           0x00000000   Number         0  depilogue.o ABSOLUTE
    ../fplib/microlib/fpfix.c                0x00000000   Number         0  dfixul.o ABSOLUTE
    ../fplib/microlib/fpmul.c                0x00000000   Number         0  dmul.o ABSOLUTE
    ..\CMSIS\core_cm3.c                      0x00000000   Number         0  core_cm3.o ABSOLUTE
    ..\CMSIS\startup\startup_stm32f10x_md.s  0x00000000   Number         0  startup_stm32f10x_md.o ABSOLUTE
    ..\CMSIS\system_stm32f10x.c              0x00000000   Number         0  system_stm32f10x.o ABSOLUTE
    ..\FWLIB\src\misc.c                      0x00000000   Number         0  misc.o ABSOLUTE
    ..\FWLIB\src\stm32f10x_adc.c             0x00000000   Number         0  stm32f10x_adc.o ABSOLUTE
    ..\FWLIB\src\stm32f10x_bkp.c             0x00000000   Number         0  stm32f10x_bkp.o ABSOLUTE
    ..\FWLIB\src\stm32f10x_can.c             0x00000000   Number         0  stm32f10x_can.o ABSOLUTE
    ..\FWLIB\src\stm32f10x_cec.c             0x00000000   Number         0  stm32f10x_cec.o ABSOLUTE
    ..\FWLIB\src\stm32f10x_crc.c             0x00000000   Number         0  stm32f10x_crc.o ABSOLUTE
    ..\FWLIB\src\stm32f10x_dac.c             0x00000000   Number         0  stm32f10x_dac.o ABSOLUTE
    ..\FWLIB\src\stm32f10x_dbgmcu.c          0x00000000   Number         0  stm32f10x_dbgmcu.o ABSOLUTE
    ..\FWLIB\src\stm32f10x_dma.c             0x00000000   Number         0  stm32f10x_dma.o ABSOLUTE
    ..\FWLIB\src\stm32f10x_exti.c            0x00000000   Number         0  stm32f10x_exti.o ABSOLUTE
    ..\FWLIB\src\stm32f10x_flash.c           0x00000000   Number         0  stm32f10x_flash.o ABSOLUTE
    ..\FWLIB\src\stm32f10x_fsmc.c            0x00000000   Number         0  stm32f10x_fsmc.o ABSOLUTE
    ..\FWLIB\src\stm32f10x_gpio.c            0x00000000   Number         0  stm32f10x_gpio.o ABSOLUTE
    ..\FWLIB\src\stm32f10x_i2c.c             0x00000000   Number         0  stm32f10x_i2c.o ABSOLUTE
    ..\FWLIB\src\stm32f10x_iwdg.c            0x00000000   Number         0  stm32f10x_iwdg.o ABSOLUTE
    ..\FWLIB\src\stm32f10x_pwr.c             0x00000000   Number         0  stm32f10x_pwr.o ABSOLUTE
    ..\FWLIB\src\stm32f10x_rcc.c             0x00000000   Number         0  stm32f10x_rcc.o ABSOLUTE
    ..\FWLIB\src\stm32f10x_rtc.c             0x00000000   Number         0  stm32f10x_rtc.o ABSOLUTE
    ..\FWLIB\src\stm32f10x_sdio.c            0x00000000   Number         0  stm32f10x_sdio.o ABSOLUTE
    ..\FWLIB\src\stm32f10x_spi.c             0x00000000   Number         0  stm32f10x_spi.o ABSOLUTE
    ..\FWLIB\src\stm32f10x_tim.c             0x00000000   Number         0  stm32f10x_tim.o ABSOLUTE
    ..\FWLIB\src\stm32f10x_usart.c           0x00000000   Number         0  stm32f10x_usart.o ABSOLUTE
    ..\FWLIB\src\stm32f10x_wwdg.c            0x00000000   Number         0  stm32f10x_wwdg.o ABSOLUTE
    ..\\CMSIS\\core_cm3.c                    0x00000000   Number         0  core_cm3.o ABSOLUTE
    ESP8266.c                                0x00000000   Number         0  esp8266.o ABSOLUTE
    LED.C                                    0x00000000   Number         0  led.o ABSOLUTE
    cdrcmple.s                               0x00000000   Number         0  cdrcmple.o ABSOLUTE
    datapro.c                                0x00000000   Number         0  datapro.o ABSOLUTE
    dc.s                                     0x00000000   Number         0  dc.o ABSOLUTE
    delay.c                                  0x00000000   Number         0  delay.o ABSOLUTE
    handlers.s                               0x00000000   Number         0  handlers.o ABSOLUTE
    i2c.c                                    0x00000000   Number         0  i2c.o ABSOLUTE
    init.s                                   0x00000000   Number         0  init.o ABSOLUTE
    main.c                                   0x00000000   Number         0  main.o ABSOLUTE
    mpu9250.c                                0x00000000   Number         0  mpu9250.o ABSOLUTE
    spi_flash.c                              0x00000000   Number         0  spi_flash.o ABSOLUTE
    stm32f10x_it.c                           0x00000000   Number         0  stm32f10x_it.o ABSOLUTE
    sysreset.c                               0x00000000   Number         0  sysreset.o ABSOLUTE
    time.c                                   0x00000000   Number         0  time.o ABSOLUTE
    usart1.c                                 0x00000000   Number         0  usart1.o ABSOLUTE
    usart3.c                                 0x00000000   Number         0  usart3.o ABSOLUTE
    watchdog.c                               0x00000000   Number         0  watchdog.o ABSOLUTE
    RESET                                    0x08000000   Section      236  startup_stm32f10x_md.o(RESET)
    .ARM.Collect$$$$00000000                 0x080000ec   Section        0  entry.o(.ARM.Collect$$$$00000000)
    .ARM.Collect$$$$00000001                 0x080000ec   Section        4  entry2.o(.ARM.Collect$$$$00000001)
    .ARM.Collect$$$$00000004                 0x080000f0   Section        4  entry5.o(.ARM.Collect$$$$00000004)
    .ARM.Collect$$$$00000008                 0x080000f4   Section        0  entry7b.o(.ARM.Collect$$$$00000008)
    .ARM.Collect$$$$0000000A                 0x080000f4   Section        0  entry8b.o(.ARM.Collect$$$$0000000A)
    .ARM.Collect$$$$0000000B                 0x080000f4   Section        8  entry9a.o(.ARM.Collect$$$$0000000B)
    .ARM.Collect$$$$0000000D                 0x080000fc   Section        0  entry10a.o(.ARM.Collect$$$$0000000D)
    .ARM.Collect$$$$0000000F                 0x080000fc   Section        0  entry11a.o(.ARM.Collect$$$$0000000F)
    .ARM.Collect$$$$00002712                 0x080000fc   Section        4  entry2.o(.ARM.Collect$$$$00002712)
    __lit__00000000                          0x080000fc   Data           4  entry2.o(.ARM.Collect$$$$00002712)
    .text                                    0x08000100   Section       36  startup_stm32f10x_md.o(.text)
    .text                                    0x08000124   Section        0  stm32f10x_it.o(.text)
    .text                                    0x080001e8   Section        0  main.o(.text)
    .text                                    0x08000348   Section        0  usart1.o(.text)
    .text                                    0x080005d0   Section        0  usart3.o(.text)
    .text                                    0x080006ac   Section        0  led.o(.text)
    .text                                    0x08000744   Section        0  delay.o(.text)
    .text                                    0x080007f0   Section        0  esp8266.o(.text)
    .text                                    0x08000bd8   Section        0  i2c.o(.text)
    .text                                    0x08000e30   Section        0  mpu9250.o(.text)
    .text                                    0x08001238   Section        0  spi_flash.o(.text)
    .text                                    0x080016d4   Section        0  datapro.o(.text)
    .text                                    0x08001d34   Section        0  sysreset.o(.text)
    .text                                    0x08001d64   Section        0  watchdog.o(.text)
    .text                                    0x08001da8   Section        0  time.o(.text)
    .text                                    0x08001e14   Section        0  misc.o(.text)
    .text                                    0x08001ef0   Section        0  stm32f10x_dma.o(.text)
    .text                                    0x08002144   Section        0  stm32f10x_gpio.o(.text)
    .text                                    0x080024a0   Section        0  stm32f10x_rcc.o(.text)
    .text                                    0x08002844   Section        0  stm32f10x_spi.o(.text)
    .text                                    0x08002b50   Section        0  stm32f10x_tim.o(.text)
    TI4_Config                               0x08002ff7   Thumb Code   130  stm32f10x_tim.o(.text)
    TI3_Config                               0x0800308b   Thumb Code   122  stm32f10x_tim.o(.text)
    TI2_Config                               0x0800311f   Thumb Code   130  stm32f10x_tim.o(.text)
    TI1_Config                               0x080031b3   Thumb Code   108  stm32f10x_tim.o(.text)
    .text                                    0x0800396c   Section        0  stm32f10x_usart.o(.text)
    .text                                    0x08003d74   Section        0  stm32f10x_wwdg.o(.text)
    .text                                    0x08003dfc   Section        0  system_stm32f10x.o(.text)
    SetSysClockTo72                          0x08003dfd   Thumb Code   214  system_stm32f10x.o(.text)
    SetSysClock                              0x08003ed3   Thumb Code     8  system_stm32f10x.o(.text)
    .text                                    0x08003fdc   Section        0  memseta.o(.text)
    .text                                    0x08004000   Section        0  uidiv.o(.text)
    .text                                    0x0800402c   Section       36  init.o(.text)
    i.__0printf$3                            0x08004050   Section        0  printf3.o(i.__0printf$3)
    i.__scatterload_copy                     0x08004070   Section       14  handlers.o(i.__scatterload_copy)
    i.__scatterload_null                     0x0800407e   Section        2  handlers.o(i.__scatterload_null)
    i.__scatterload_zeroinit                 0x08004080   Section       14  handlers.o(i.__scatterload_zeroinit)
    i._printf_core                           0x08004090   Section        0  printf3.o(i._printf_core)
    _printf_core                             0x08004091   Thumb Code   436  printf3.o(i._printf_core)
    .data                                    0x20000000   Section        8  stm32f10x_it.o(.data)
    usTicks                                  0x20000000   Data           4  stm32f10x_it.o(.data)
    .data                                    0x20000008   Section        6  main.o(.data)
    .data                                    0x2000000e   Section        4  delay.o(.data)
    fac_us                                   0x2000000e   Data           1  delay.o(.data)
    fac_ms                                   0x20000010   Data           2  delay.o(.data)
    .data                                    0x20000012   Section        1  esp8266.o(.data)
    .data                                    0x20000013   Section        2  mpu9250.o(.data)
    cnt                                      0x20000014   Data           1  mpu9250.o(.data)
    .data                                    0x20000018   Section       12  datapro.o(.data)
    write_addr                               0x20000018   Data           4  datapro.o(.data)
    read_addr                                0x2000001c   Data           4  datapro.o(.data)
    page_cnt_write                           0x20000020   Data           2  datapro.o(.data)
    page_cnt_read                            0x20000022   Data           2  datapro.o(.data)
    .data                                    0x20000024   Section       20  stm32f10x_rcc.o(.data)
    APBAHBPrescTable                         0x20000024   Data          16  stm32f10x_rcc.o(.data)
    ADCPrescTable                            0x20000034   Data           4  stm32f10x_rcc.o(.data)
    .data                                    0x20000038   Section       20  system_stm32f10x.o(.data)
    .data                                    0x2000004c   Section        4  stdout.o(.data)
    .bss                                     0x20000050   Section     5000  usart1.o(.bss)
    .bss                                     0x200013d8   Section      292  mpu9250.o(.bss)
    STACK                                    0x20001500   Section     1024  startup_stm32f10x_md.o(STACK)

    Global Symbols

    Symbol Name                              Value     Ov Type        Size  Object(Section)

    BuildAttributes$$THM_ISAv4$P$D$K$B$S$PE$A:L22UL41UL21$X:L11$S22US41US21$IEEE1$IW$USESV6$~STKCKD$USESV7$~SHL$OSPACE$ROPI$EBA8$MICROLIB$REQ8$PRES8$EABIv2 0x00000000   Number         0  anon$$obj.o ABSOLUTE
    __ARM_use_no_argv                        0x00000000   Number         0  main.o ABSOLUTE
    _printf_a                                0x00000000   Number         0  stubs.o ABSOLUTE
    _printf_c                                0x00000000   Number         0  stubs.o ABSOLUTE
    _printf_charcount                        0x00000000   Number         0  stubs.o ABSOLUTE
    _printf_d                                0x00000000   Number         0  stubs.o ABSOLUTE
    _printf_e                                0x00000000   Number         0  stubs.o ABSOLUTE
    _printf_f                                0x00000000   Number         0  stubs.o ABSOLUTE
    _printf_flags                            0x00000000   Number         0  stubs.o ABSOLUTE
    _printf_fp_dec                           0x00000000   Number         0  stubs.o ABSOLUTE
    _printf_fp_hex                           0x00000000   Number         0  stubs.o ABSOLUTE
    _printf_g                                0x00000000   Number         0  stubs.o ABSOLUTE
    _printf_i                                0x00000000   Number         0  stubs.o ABSOLUTE
    _printf_int_dec                          0x00000000   Number         0  stubs.o ABSOLUTE
    _printf_l                                0x00000000   Number         0  stubs.o ABSOLUTE
    _printf_lc                               0x00000000   Number         0  stubs.o ABSOLUTE
    _printf_ll                               0x00000000   Number         0  stubs.o ABSOLUTE
    _printf_lld                              0x00000000   Number         0  stubs.o ABSOLUTE
    _printf_lli                              0x00000000   Number         0  stubs.o ABSOLUTE
    _printf_llo                              0x00000000   Number         0  stubs.o ABSOLUTE
    _printf_llu                              0x00000000   Number         0  stubs.o ABSOLUTE
    _printf_llx                              0x00000000   Number         0  stubs.o ABSOLUTE
    _printf_longlong_dec                     0x00000000   Number         0  stubs.o ABSOLUTE
    _printf_longlong_hex                     0x00000000   Number         0  stubs.o ABSOLUTE
    _printf_longlong_oct                     0x00000000   Number         0  stubs.o ABSOLUTE
    _printf_ls                               0x00000000   Number         0  stubs.o ABSOLUTE
    _printf_mbtowc                           0x00000000   Number         0  stubs.o ABSOLUTE
    _printf_n                                0x00000000   Number         0  stubs.o ABSOLUTE
    _printf_o                                0x00000000   Number         0  stubs.o ABSOLUTE
    _printf_p                                0x00000000   Number         0  stubs.o ABSOLUTE
    _printf_percent                          0x00000000   Number         0  stubs.o ABSOLUTE
    _printf_pre_padding                      0x00000000   Number         0  stubs.o ABSOLUTE
    _printf_return_value                     0x00000000   Number         0  stubs.o ABSOLUTE
    _printf_s                                0x00000000   Number         0  stubs.o ABSOLUTE
    _printf_sizespec                         0x00000000   Number         0  stubs.o ABSOLUTE
    _printf_str                              0x00000000   Number         0  stubs.o ABSOLUTE
    _printf_truncate_signed                  0x00000000   Number         0  stubs.o ABSOLUTE
    _printf_truncate_unsigned                0x00000000   Number         0  stubs.o ABSOLUTE
    _printf_u                                0x00000000   Number         0  stubs.o ABSOLUTE
    _printf_wc                               0x00000000   Number         0  stubs.o ABSOLUTE
    _printf_wctomb                           0x00000000   Number         0  stubs.o ABSOLUTE
    _printf_widthprec                        0x00000000   Number         0  stubs.o ABSOLUTE
    _printf_x                                0x00000000   Number         0  stubs.o ABSOLUTE
    __cpp_initialize__aeabi_                  - Undefined Weak Reference
    __cxa_finalize                            - Undefined Weak Reference
    __decompress                              - Undefined Weak Reference
    _clock_init                               - Undefined Weak Reference
    _microlib_exit                            - Undefined Weak Reference
    __Vectors_Size                           0x000000ec   Number         0  startup_stm32f10x_md.o ABSOLUTE
    __Vectors                                0x08000000   Data           4  startup_stm32f10x_md.o(RESET)
    __Vectors_End                            0x080000ec   Data           0  startup_stm32f10x_md.o(RESET)
    __main                                   0x080000ed   Thumb Code     0  entry.o(.ARM.Collect$$$$00000000)
    _main_stk                                0x080000ed   Thumb Code     0  entry2.o(.ARM.Collect$$$$00000001)
    _main_scatterload                        0x080000f1   Thumb Code     0  entry5.o(.ARM.Collect$$$$00000004)
    __main_after_scatterload                 0x080000f5   Thumb Code     0  entry5.o(.ARM.Collect$$$$00000004)
    _main_clock                              0x080000f5   Thumb Code     0  entry7b.o(.ARM.Collect$$$$00000008)
    _main_cpp_init                           0x080000f5   Thumb Code     0  entry8b.o(.ARM.Collect$$$$0000000A)
    _main_init                               0x080000f5   Thumb Code     0  entry9a.o(.ARM.Collect$$$$0000000B)
    __rt_final_cpp                           0x080000fd   Thumb Code     0  entry10a.o(.ARM.Collect$$$$0000000D)
    __rt_final_exit                          0x080000fd   Thumb Code     0  entry11a.o(.ARM.Collect$$$$0000000F)
    Reset_Handler                            0x08000101   Thumb Code     8  startup_stm32f10x_md.o(.text)
    ADC1_2_IRQHandler                        0x0800011b   Thumb Code     0  startup_stm32f10x_md.o(.text)
    CAN1_RX1_IRQHandler                      0x0800011b   Thumb Code     0  startup_stm32f10x_md.o(.text)
    CAN1_SCE_IRQHandler                      0x0800011b   Thumb Code     0  startup_stm32f10x_md.o(.text)
    DMA1_Channel1_IRQHandler                 0x0800011b   Thumb Code     0  startup_stm32f10x_md.o(.text)
    DMA1_Channel2_IRQHandler                 0x0800011b   Thumb Code     0  startup_stm32f10x_md.o(.text)
    DMA1_Channel3_IRQHandler                 0x0800011b   Thumb Code     0  startup_stm32f10x_md.o(.text)
    DMA1_Channel4_IRQHandler                 0x0800011b   Thumb Code     0  startup_stm32f10x_md.o(.text)
    DMA1_Channel5_IRQHandler                 0x0800011b   Thumb Code     0  startup_stm32f10x_md.o(.text)
    DMA1_Channel6_IRQHandler                 0x0800011b   Thumb Code     0  startup_stm32f10x_md.o(.text)
    DMA1_Channel7_IRQHandler                 0x0800011b   Thumb Code     0  startup_stm32f10x_md.o(.text)
    EXTI0_IRQHandler                         0x0800011b   Thumb Code     0  startup_stm32f10x_md.o(.text)
    EXTI15_10_IRQHandler                     0x0800011b   Thumb Code     0  startup_stm32f10x_md.o(.text)
    EXTI1_IRQHandler                         0x0800011b   Thumb Code     0  startup_stm32f10x_md.o(.text)
    EXTI2_IRQHandler                         0x0800011b   Thumb Code     0  startup_stm32f10x_md.o(.text)
    EXTI3_IRQHandler                         0x0800011b   Thumb Code     0  startup_stm32f10x_md.o(.text)
    EXTI4_IRQHandler                         0x0800011b   Thumb Code     0  startup_stm32f10x_md.o(.text)
    EXTI9_5_IRQHandler                       0x0800011b   Thumb Code     0  startup_stm32f10x_md.o(.text)
    FLASH_IRQHandler                         0x0800011b   Thumb Code     0  startup_stm32f10x_md.o(.text)
    I2C1_ER_IRQHandler                       0x0800011b   Thumb Code     0  startup_stm32f10x_md.o(.text)
    I2C1_EV_IRQHandler                       0x0800011b   Thumb Code     0  startup_stm32f10x_md.o(.text)
    I2C2_ER_IRQHandler                       0x0800011b   Thumb Code     0  startup_stm32f10x_md.o(.text)
    I2C2_EV_IRQHandler                       0x0800011b   Thumb Code     0  startup_stm32f10x_md.o(.text)
    PVD_IRQHandler                           0x0800011b   Thumb Code     0  startup_stm32f10x_md.o(.text)
    RCC_IRQHandler                           0x0800011b   Thumb Code     0  startup_stm32f10x_md.o(.text)
    RTCAlarm_IRQHandler                      0x0800011b   Thumb Code     0  startup_stm32f10x_md.o(.text)
    RTC_IRQHandler                           0x0800011b   Thumb Code     0  startup_stm32f10x_md.o(.text)
    SPI1_IRQHandler                          0x0800011b   Thumb Code     0  startup_stm32f10x_md.o(.text)
    SPI2_IRQHandler                          0x0800011b   Thumb Code     0  startup_stm32f10x_md.o(.text)
    TAMPER_IRQHandler                        0x0800011b   Thumb Code     0  startup_stm32f10x_md.o(.text)
    TIM1_BRK_IRQHandler                      0x0800011b   Thumb Code     0  startup_stm32f10x_md.o(.text)
    TIM1_CC_IRQHandler                       0x0800011b   Thumb Code     0  startup_stm32f10x_md.o(.text)
    TIM1_TRG_COM_IRQHandler                  0x0800011b   Thumb Code     0  startup_stm32f10x_md.o(.text)
    TIM1_UP_IRQHandler                       0x0800011b   Thumb Code     0  startup_stm32f10x_md.o(.text)
    TIM3_IRQHandler                          0x0800011b   Thumb Code     0  startup_stm32f10x_md.o(.text)
    TIM4_IRQHandler                          0x0800011b   Thumb Code     0  startup_stm32f10x_md.o(.text)
    USART1_IRQHandler                        0x0800011b   Thumb Code     0  startup_stm32f10x_md.o(.text)
    USART2_IRQHandler                        0x0800011b   Thumb Code     0  startup_stm32f10x_md.o(.text)
    USBWakeUp_IRQHandler                     0x0800011b   Thumb Code     0  startup_stm32f10x_md.o(.text)
    USB_HP_CAN1_TX_IRQHandler                0x0800011b   Thumb Code     0  startup_stm32f10x_md.o(.text)
    USB_LP_CAN1_RX0_IRQHandler               0x0800011b   Thumb Code     0  startup_stm32f10x_md.o(.text)
    WWDG_IRQHandler                          0x08000125   Thumb Code    22  stm32f10x_it.o(.text)
    NMI_Handler                              0x0800013b   Thumb Code     2  stm32f10x_it.o(.text)
    HardFault_Handler                        0x0800013d   Thumb Code     4  stm32f10x_it.o(.text)
    MemManage_Handler                        0x08000141   Thumb Code     4  stm32f10x_it.o(.text)
    BusFault_Handler                         0x08000145   Thumb Code     4  stm32f10x_it.o(.text)
    UsageFault_Handler                       0x08000149   Thumb Code     4  stm32f10x_it.o(.text)
    SVC_Handler                              0x0800014d   Thumb Code     2  stm32f10x_it.o(.text)
    DebugMon_Handler                         0x0800014f   Thumb Code     2  stm32f10x_it.o(.text)
    PendSV_Handler                           0x08000151   Thumb Code     2  stm32f10x_it.o(.text)
    cycleCounterInit                         0x08000153   Thumb Code    26  stm32f10x_it.o(.text)
    SysTick_Handler                          0x0800016d   Thumb Code    12  stm32f10x_it.o(.text)
    micros                                   0x08000179   Thumb Code    58  stm32f10x_it.o(.text)
    DelayMs                                  0x080001b3   Thumb Code    34  stm32f10x_it.o(.text)
    millis                                   0x080001d5   Thumb Code     6  stm32f10x_it.o(.text)
    main                                     0x080001e9   Thumb Code    96  main.o(.text)
    USART3_IRQHandler                        0x08000249   Thumb Code    72  main.o(.text)
    TIM2_IRQHandler                          0x08000291   Thumb Code   142  main.o(.text)
    USART1_GPIOConfig                        0x08000349   Thumb Code   114  usart1.o(.text)
    NVIC_Configuration                       0x080003bb   Thumb Code    38  usart1.o(.text)
    UART1_DMACon                             0x080003e1   Thumb Code    98  usart1.o(.text)
    USART1_Init                              0x08000443   Thumb Code    12  usart1.o(.text)
    itoa                                     0x0800044f   Thumb Code    98  usart1.o(.text)
    USART_printf                             0x080004b1   Thumb Code   272  usart1.o(.text)
    USART3_Init                              0x080005d1   Thumb Code   178  usart3.o(.text)
    fputc                                    0x08000683   Thumb Code    32  usart3.o(.text)
    LED_GPIO_Init                            0x080006ad   Thumb Code   146  led.o(.text)
    delay_init                               0x08000745   Thumb Code    52  delay.o(.text)
    delay_ms                                 0x08000779   Thumb Code    56  delay.o(.text)
    delay_us                                 0x080007b1   Thumb Code    56  delay.o(.text)
    Wifi_GPIO_Init                           0x080007f1   Thumb Code    76  esp8266.o(.text)
    ESP8266_Init                             0x0800083d   Thumb Code    76  esp8266.o(.text)
    USART3_Cmd                               0x08000889   Thumb Code   154  esp8266.o(.text)
    sys_cmd                                  0x08000923   Thumb Code   302  esp8266.o(.text)
    I2C_GPIO_Init                            0x08000bd9   Thumb Code    38  i2c.o(.text)
    I2C_Start                                0x08000bff   Thumb Code    64  i2c.o(.text)
    I2C_Stop                                 0x08000c3f   Thumb Code    66  i2c.o(.text)
    I2C_ACK                                  0x08000c81   Thumb Code    70  i2c.o(.text)
    I2C_NACK                                 0x08000cc7   Thumb Code    70  i2c.o(.text)
    I2C_Wait_ACK                             0x08000d0d   Thumb Code    86  i2c.o(.text)
    Send_Byte                                0x08000d63   Thumb Code    92  i2c.o(.text)
    Receive_Byte                             0x08000dbf   Thumb Code   100  i2c.o(.text)
    I2C_WriteByte_MPU9250                    0x08000e31   Thumb Code    48  mpu9250.o(.text)
    I2C_ReadByte_MPU9250                     0x08000e61   Thumb Code    62  mpu9250.o(.text)
    I2C_ReadByte_AK8963                      0x08000e9f   Thumb Code    60  mpu9250.o(.text)
    MPU9250_Init                             0x08000edb   Thumb Code    86  mpu9250.o(.text)
    Get_ACCEL_Com                            0x08000f31   Thumb Code    76  mpu9250.o(.text)
    Get_GYRO_Com                             0x08000f7d   Thumb Code    62  mpu9250.o(.text)
    Get_ACCEL_Trf                            0x08000fbb   Thumb Code   108  mpu9250.o(.text)
    Get_GYRO_Trf                             0x08001027   Thumb Code   108  mpu9250.o(.text)
    Get_GYRO_Offset                          0x08001093   Thumb Code   140  mpu9250.o(.text)
    MPU9250_Adjust_GYRO                      0x0800111f   Thumb Code    50  mpu9250.o(.text)
    Send_MPU9250_6rdData                     0x08001151   Thumb Code    48  mpu9250.o(.text)
    Save_MPU9250_6rdData                     0x08001181   Thumb Code    88  mpu9250.o(.text)
    MPU9250_Buffer_Reset                     0x080011d9   Thumb Code     8  mpu9250.o(.text)
    SPI_FLASH_Init                           0x08001239   Thumb Code   202  spi_flash.o(.text)
    SPI_FLASH_SendByte                       0x08001303   Thumb Code    50  spi_flash.o(.text)
    SPI_FLASH_WaitForWriteEnd                0x08001335   Thumb Code    46  spi_flash.o(.text)
    SPI_FLASH_WriteEnable                    0x08001363   Thumb Code    26  spi_flash.o(.text)
    SPI_FLASH_SectorErase                    0x0800137d   Thumb Code    62  spi_flash.o(.text)
    SPI_FLASH_BulkErase                      0x080013bb   Thumb Code    34  spi_flash.o(.text)
    SPI_FLASH_PageWrite                      0x080013dd   Thumb Code    92  spi_flash.o(.text)
    SPI_FLASH_BufferWrite                    0x08001439   Thumb Code   290  spi_flash.o(.text)
    SPI_FLASH_BufferRead                     0x0800155b   Thumb Code    76  spi_flash.o(.text)
    SPI_FLASH_ReadID                         0x080015a7   Thumb Code    74  spi_flash.o(.text)
    SPI_FLASH_ReadDeviceID                   0x080015f1   Thumb Code    56  spi_flash.o(.text)
    SPI_FLASH_StartReadSequence              0x08001629   Thumb Code    52  spi_flash.o(.text)
    SPI_FLASH_ReadByte                       0x0800165d   Thumb Code    10  spi_flash.o(.text)
    SPI_FLASH_SendHalfWord                   0x08001667   Thumb Code    48  spi_flash.o(.text)
    SPI_FlASH_PowerDown                      0x08001697   Thumb Code    26  spi_flash.o(.text)
    SPI_FlASH_WAKEUP                         0x080016b1   Thumb Code    26  spi_flash.o(.text)
    Write_W25Q128                            0x080016d5   Thumb Code    76  datapro.o(.text)
    Read_Flash_Buffer                        0x08001721   Thumb Code    68  datapro.o(.text)
    Com_Tran_Trf                             0x08001765   Thumb Code    18  datapro.o(.text)
    Get_Com_Data                             0x08001777   Thumb Code    32  datapro.o(.text)
    Get_Trf_Data                             0x08001797   Thumb Code    34  datapro.o(.text)
    ReadLast4BytesOfPage_Erase               0x080017b9   Thumb Code    56  datapro.o(.text)
    Send_Flash_WiFi                          0x080017f1   Thumb Code   414  datapro.o(.text)
    Send_Flash_USART1                        0x0800198f   Thumb Code   510  datapro.o(.text)
    Read_W25Q128                             0x08001b8d   Thumb Code    38  datapro.o(.text)
    Read_W25Q128_USART1                      0x08001bb3   Thumb Code    38  datapro.o(.text)
    Erase_W25Q128_4K                         0x08001bd9   Thumb Code   112  datapro.o(.text)
    Erase_W25Q128_Bulk                       0x08001c49   Thumb Code    82  datapro.o(.text)
    Soft_Reset_System                        0x08001d35   Thumb Code    38  sysreset.o(.text)
    WWDG_Init                                0x08001d65   Thumb Code    68  watchdog.o(.text)
    TIME_Init                                0x08001da9   Thumb Code   106  time.o(.text)
    NVIC_PriorityGroupConfig                 0x08001e15   Thumb Code    10  misc.o(.text)
    NVIC_Init                                0x08001e1f   Thumb Code   100  misc.o(.text)
    NVIC_SetVectorTable                      0x08001e83   Thumb Code    14  misc.o(.text)
    NVIC_SystemLPConfig                      0x08001e91   Thumb Code    34  misc.o(.text)
    SysTick_CLKSourceConfig                  0x08001eb3   Thumb Code    40  misc.o(.text)
    DMA_DeInit                               0x08001ef1   Thumb Code   324  stm32f10x_dma.o(.text)
    DMA_Init                                 0x08002035   Thumb Code    60  stm32f10x_dma.o(.text)
    DMA_StructInit                           0x08002071   Thumb Code    26  stm32f10x_dma.o(.text)
    DMA_Cmd                                  0x0800208b   Thumb Code    24  stm32f10x_dma.o(.text)
    DMA_ITConfig                             0x080020a3   Thumb Code    18  stm32f10x_dma.o(.text)
    DMA_SetCurrDataCounter                   0x080020b5   Thumb Code     4  stm32f10x_dma.o(.text)
    DMA_GetCurrDataCounter                   0x080020b9   Thumb Code     8  stm32f10x_dma.o(.text)
    DMA_GetFlagStatus                        0x080020c1   Thumb Code    40  stm32f10x_dma.o(.text)
    DMA_ClearFlag                            0x080020e9   Thumb Code    22  stm32f10x_dma.o(.text)
    DMA_GetITStatus                          0x080020ff   Thumb Code    40  stm32f10x_dma.o(.text)
    DMA_ClearITPendingBit                    0x08002127   Thumb Code    22  stm32f10x_dma.o(.text)
    GPIO_DeInit                              0x08002145   Thumb Code   172  stm32f10x_gpio.o(.text)
    GPIO_AFIODeInit                          0x080021f1   Thumb Code    20  stm32f10x_gpio.o(.text)
    GPIO_Init                                0x08002205   Thumb Code   278  stm32f10x_gpio.o(.text)
    GPIO_StructInit                          0x0800231b   Thumb Code    16  stm32f10x_gpio.o(.text)
    GPIO_ReadInputDataBit                    0x0800232b   Thumb Code    18  stm32f10x_gpio.o(.text)
    GPIO_ReadInputData                       0x0800233d   Thumb Code     8  stm32f10x_gpio.o(.text)
    GPIO_ReadOutputDataBit                   0x08002345   Thumb Code    18  stm32f10x_gpio.o(.text)
    GPIO_ReadOutputData                      0x08002357   Thumb Code     8  stm32f10x_gpio.o(.text)
    GPIO_SetBits                             0x0800235f   Thumb Code     4  stm32f10x_gpio.o(.text)
    GPIO_ResetBits                           0x08002363   Thumb Code     4  stm32f10x_gpio.o(.text)
    GPIO_WriteBit                            0x08002367   Thumb Code    10  stm32f10x_gpio.o(.text)
    GPIO_Write                               0x08002371   Thumb Code     4  stm32f10x_gpio.o(.text)
    GPIO_PinLockConfig                       0x08002375   Thumb Code    18  stm32f10x_gpio.o(.text)
    GPIO_EventOutputConfig                   0x08002387   Thumb Code    26  stm32f10x_gpio.o(.text)
    GPIO_EventOutputCmd                      0x080023a1   Thumb Code     6  stm32f10x_gpio.o(.text)
    GPIO_PinRemapConfig                      0x080023a7   Thumb Code   138  stm32f10x_gpio.o(.text)
    GPIO_EXTILineConfig                      0x08002431   Thumb Code    66  stm32f10x_gpio.o(.text)
    GPIO_ETH_MediaInterfaceConfig            0x08002473   Thumb Code     8  stm32f10x_gpio.o(.text)
    RCC_DeInit                               0x080024a1   Thumb Code    64  stm32f10x_rcc.o(.text)
    RCC_HSEConfig                            0x080024e1   Thumb Code    70  stm32f10x_rcc.o(.text)
    RCC_GetFlagStatus                        0x08002527   Thumb Code    56  stm32f10x_rcc.o(.text)
    RCC_WaitForHSEStartUp                    0x0800255f   Thumb Code    56  stm32f10x_rcc.o(.text)
    RCC_AdjustHSICalibrationValue            0x08002597   Thumb Code    20  stm32f10x_rcc.o(.text)
    RCC_HSICmd                               0x080025ab   Thumb Code     6  stm32f10x_rcc.o(.text)
    RCC_PLLConfig                            0x080025b1   Thumb Code    24  stm32f10x_rcc.o(.text)
    RCC_PLLCmd                               0x080025c9   Thumb Code     6  stm32f10x_rcc.o(.text)
    RCC_SYSCLKConfig                         0x080025cf   Thumb Code    18  stm32f10x_rcc.o(.text)
    RCC_GetSYSCLKSource                      0x080025e1   Thumb Code    10  stm32f10x_rcc.o(.text)
    RCC_HCLKConfig                           0x080025eb   Thumb Code    18  stm32f10x_rcc.o(.text)
    RCC_PCLK1Config                          0x080025fd   Thumb Code    18  stm32f10x_rcc.o(.text)
    RCC_PCLK2Config                          0x0800260f   Thumb Code    20  stm32f10x_rcc.o(.text)
    RCC_ITConfig                             0x08002623   Thumb Code    26  stm32f10x_rcc.o(.text)
    RCC_USBCLKConfig                         0x0800263d   Thumb Code     8  stm32f10x_rcc.o(.text)
    RCC_ADCCLKConfig                         0x08002645   Thumb Code    18  stm32f10x_rcc.o(.text)
    RCC_LSEConfig                            0x08002657   Thumb Code    50  stm32f10x_rcc.o(.text)
    RCC_LSICmd                               0x08002689   Thumb Code     6  stm32f10x_rcc.o(.text)
    RCC_RTCCLKConfig                         0x0800268f   Thumb Code    12  stm32f10x_rcc.o(.text)
    RCC_RTCCLKCmd                            0x0800269b   Thumb Code     8  stm32f10x_rcc.o(.text)
    RCC_GetClocksFreq                        0x080026a3   Thumb Code   192  stm32f10x_rcc.o(.text)
    RCC_AHBPeriphClockCmd                    0x08002763   Thumb Code    26  stm32f10x_rcc.o(.text)
    RCC_APB2PeriphClockCmd                   0x0800277d   Thumb Code    26  stm32f10x_rcc.o(.text)
    RCC_APB1PeriphClockCmd                   0x08002797   Thumb Code    26  stm32f10x_rcc.o(.text)
    RCC_APB2PeriphResetCmd                   0x080027b1   Thumb Code    26  stm32f10x_rcc.o(.text)
    RCC_APB1PeriphResetCmd                   0x080027cb   Thumb Code    26  stm32f10x_rcc.o(.text)
    RCC_BackupResetCmd                       0x080027e5   Thumb Code     8  stm32f10x_rcc.o(.text)
    RCC_ClockSecuritySystemCmd               0x080027ed   Thumb Code     6  stm32f10x_rcc.o(.text)
    RCC_MCOConfig                            0x080027f3   Thumb Code     6  stm32f10x_rcc.o(.text)
    RCC_ClearFlag                            0x080027f9   Thumb Code    14  stm32f10x_rcc.o(.text)
    RCC_GetITStatus                          0x08002807   Thumb Code    20  stm32f10x_rcc.o(.text)
    RCC_ClearITPendingBit                    0x0800281b   Thumb Code     6  stm32f10x_rcc.o(.text)
    SPI_I2S_DeInit                           0x08002845   Thumb Code    76  stm32f10x_spi.o(.text)
    SPI_Init                                 0x08002891   Thumb Code    60  stm32f10x_spi.o(.text)
    I2S_Init                                 0x080028cd   Thumb Code   226  stm32f10x_spi.o(.text)
    SPI_StructInit                           0x080029af   Thumb Code    24  stm32f10x_spi.o(.text)
    I2S_StructInit                           0x080029c7   Thumb Code    20  stm32f10x_spi.o(.text)
    SPI_Cmd                                  0x080029db   Thumb Code    24  stm32f10x_spi.o(.text)
    I2S_Cmd                                  0x080029f3   Thumb Code    24  stm32f10x_spi.o(.text)
    SPI_I2S_ITConfig                         0x08002a0b   Thumb Code    32  stm32f10x_spi.o(.text)
    SPI_I2S_DMACmd                           0x08002a2b   Thumb Code    18  stm32f10x_spi.o(.text)
    SPI_I2S_SendData                         0x08002a3d   Thumb Code     4  stm32f10x_spi.o(.text)
    SPI_I2S_ReceiveData                      0x08002a41   Thumb Code     6  stm32f10x_spi.o(.text)
    SPI_NSSInternalSoftwareConfig            0x08002a47   Thumb Code    30  stm32f10x_spi.o(.text)
    SPI_SSOutputCmd                          0x08002a65   Thumb Code    24  stm32f10x_spi.o(.text)
    SPI_DataSizeConfig                       0x08002a7d   Thumb Code    18  stm32f10x_spi.o(.text)
    SPI_TransmitCRC                          0x08002a8f   Thumb Code    10  stm32f10x_spi.o(.text)
    SPI_CalculateCRC                         0x08002a99   Thumb Code    24  stm32f10x_spi.o(.text)
    SPI_GetCRC                               0x08002ab1   Thumb Code    16  stm32f10x_spi.o(.text)
    SPI_GetCRCPolynomial                     0x08002ac1   Thumb Code     6  stm32f10x_spi.o(.text)
    SPI_BiDirectionalLineConfig              0x08002ac7   Thumb Code    28  stm32f10x_spi.o(.text)
    SPI_I2S_GetFlagStatus                    0x08002ae3   Thumb Code    18  stm32f10x_spi.o(.text)
    SPI_I2S_ClearFlag                        0x08002af5   Thumb Code     6  stm32f10x_spi.o(.text)
    SPI_I2S_GetITStatus                      0x08002afb   Thumb Code    52  stm32f10x_spi.o(.text)
    SPI_I2S_ClearITPendingBit                0x08002b2f   Thumb Code    20  stm32f10x_spi.o(.text)
    TIM_DeInit                               0x08002b51   Thumb Code   424  stm32f10x_tim.o(.text)
    TIM_TimeBaseInit                         0x08002cf9   Thumb Code   122  stm32f10x_tim.o(.text)
    TIM_OC1Init                              0x08002d73   Thumb Code   132  stm32f10x_tim.o(.text)
    TIM_OC2Init                              0x08002df7   Thumb Code   154  stm32f10x_tim.o(.text)
    TIM_OC3Init                              0x08002e91   Thumb Code   150  stm32f10x_tim.o(.text)
    TIM_OC4Init                              0x08002f27   Thumb Code   182  stm32f10x_tim.o(.text)
    TIM_SetIC4Prescaler                      0x08002fdd   Thumb Code    26  stm32f10x_tim.o(.text)
    TIM_SetIC3Prescaler                      0x08003079   Thumb Code    18  stm32f10x_tim.o(.text)
    TIM_SetIC2Prescaler                      0x08003105   Thumb Code    26  stm32f10x_tim.o(.text)
    TIM_SetIC1Prescaler                      0x080031a1   Thumb Code    18  stm32f10x_tim.o(.text)
    TIM_ICInit                               0x0800321f   Thumb Code   150  stm32f10x_tim.o(.text)
    TIM_PWMIConfig                           0x080032b5   Thumb Code   124  stm32f10x_tim.o(.text)
    TIM_BDTRConfig                           0x08003331   Thumb Code    32  stm32f10x_tim.o(.text)
    TIM_TimeBaseStructInit                   0x08003351   Thumb Code    18  stm32f10x_tim.o(.text)
    TIM_OCStructInit                         0x08003363   Thumb Code    20  stm32f10x_tim.o(.text)
    TIM_ICStructInit                         0x08003377   Thumb Code    18  stm32f10x_tim.o(.text)
    TIM_BDTRStructInit                       0x08003389   Thumb Code    40  stm32f10x_tim.o(.text)
    TIM_Cmd                                  0x080033b1   Thumb Code    24  stm32f10x_tim.o(.text)
    TIM_CtrlPWMOutputs                       0x080033c9   Thumb Code    30  stm32f10x_tim.o(.text)
    TIM_ITConfig                             0x080033e7   Thumb Code    18  stm32f10x_tim.o(.text)
    TIM_GenerateEvent                        0x080033f9   Thumb Code     4  stm32f10x_tim.o(.text)
    TIM_DMAConfig                            0x080033fd   Thumb Code    10  stm32f10x_tim.o(.text)
    TIM_DMACmd                               0x08003407   Thumb Code    18  stm32f10x_tim.o(.text)
    TIM_InternalClockConfig                  0x08003419   Thumb Code    12  stm32f10x_tim.o(.text)
    TIM_SelectInputTrigger                   0x08003425   Thumb Code    18  stm32f10x_tim.o(.text)
    TIM_ITRxExternalClockConfig              0x08003437   Thumb Code    24  stm32f10x_tim.o(.text)
    TIM_TIxExternalClockConfig               0x0800344f   Thumb Code    62  stm32f10x_tim.o(.text)
    TIM_ETRConfig                            0x0800348d   Thumb Code    28  stm32f10x_tim.o(.text)
    TIM_ETRClockMode1Config                  0x080034a9   Thumb Code    54  stm32f10x_tim.o(.text)
    TIM_ETRClockMode2Config                  0x080034df   Thumb Code    32  stm32f10x_tim.o(.text)
    TIM_PrescalerConfig                      0x080034ff   Thumb Code     6  stm32f10x_tim.o(.text)
    TIM_CounterModeConfig                    0x08003505   Thumb Code    18  stm32f10x_tim.o(.text)
    TIM_EncoderInterfaceConfig               0x08003517   Thumb Code    66  stm32f10x_tim.o(.text)
    TIM_ForcedOC1Config                      0x08003559   Thumb Code    18  stm32f10x_tim.o(.text)
    TIM_ForcedOC2Config                      0x0800356b   Thumb Code    26  stm32f10x_tim.o(.text)
    TIM_ForcedOC3Config                      0x08003585   Thumb Code    18  stm32f10x_tim.o(.text)
    TIM_ForcedOC4Config                      0x08003597   Thumb Code    26  stm32f10x_tim.o(.text)
    TIM_ARRPreloadConfig                     0x080035b1   Thumb Code    24  stm32f10x_tim.o(.text)
    TIM_SelectCOM                            0x080035c9   Thumb Code    24  stm32f10x_tim.o(.text)
    TIM_SelectCCDMA                          0x080035e1   Thumb Code    24  stm32f10x_tim.o(.text)
    TIM_CCPreloadControl                     0x080035f9   Thumb Code    24  stm32f10x_tim.o(.text)
    TIM_OC1PreloadConfig                     0x08003611   Thumb Code    18  stm32f10x_tim.o(.text)
    TIM_OC2PreloadConfig                     0x08003623   Thumb Code    26  stm32f10x_tim.o(.text)
    TIM_OC3PreloadConfig                     0x0800363d   Thumb Code    18  stm32f10x_tim.o(.text)
    TIM_OC4PreloadConfig                     0x0800364f   Thumb Code    26  stm32f10x_tim.o(.text)
    TIM_OC1FastConfig                        0x08003669   Thumb Code    18  stm32f10x_tim.o(.text)
    TIM_OC2FastConfig                        0x0800367b   Thumb Code    26  stm32f10x_tim.o(.text)
    TIM_OC3FastConfig                        0x08003695   Thumb Code    18  stm32f10x_tim.o(.text)
    TIM_OC4FastConfig                        0x080036a7   Thumb Code    26  stm32f10x_tim.o(.text)
    TIM_ClearOC1Ref                          0x080036c1   Thumb Code    18  stm32f10x_tim.o(.text)
    TIM_ClearOC2Ref                          0x080036d3   Thumb Code    24  stm32f10x_tim.o(.text)
    TIM_ClearOC3Ref                          0x080036eb   Thumb Code    18  stm32f10x_tim.o(.text)
    TIM_ClearOC4Ref                          0x080036fd   Thumb Code    24  stm32f10x_tim.o(.text)
    TIM_OC1PolarityConfig                    0x08003715   Thumb Code    18  stm32f10x_tim.o(.text)
    TIM_OC1NPolarityConfig                   0x08003727   Thumb Code    18  stm32f10x_tim.o(.text)
    TIM_OC2PolarityConfig                    0x08003739   Thumb Code    26  stm32f10x_tim.o(.text)
    TIM_OC2NPolarityConfig                   0x08003753   Thumb Code    26  stm32f10x_tim.o(.text)
    TIM_OC3PolarityConfig                    0x0800376d   Thumb Code    26  stm32f10x_tim.o(.text)
    TIM_OC3NPolarityConfig                   0x08003787   Thumb Code    26  stm32f10x_tim.o(.text)
    TIM_OC4PolarityConfig                    0x080037a1   Thumb Code    26  stm32f10x_tim.o(.text)
    TIM_CCxCmd                               0x080037bb   Thumb Code    30  stm32f10x_tim.o(.text)
    TIM_CCxNCmd                              0x080037d9   Thumb Code    30  stm32f10x_tim.o(.text)
    TIM_SelectOCxM                           0x080037f7   Thumb Code    82  stm32f10x_tim.o(.text)
    TIM_UpdateDisableConfig                  0x08003849   Thumb Code    24  stm32f10x_tim.o(.text)
    TIM_UpdateRequestConfig                  0x08003861   Thumb Code    24  stm32f10x_tim.o(.text)
    TIM_SelectHallSensor                     0x08003879   Thumb Code    24  stm32f10x_tim.o(.text)
    TIM_SelectOnePulseMode                   0x08003891   Thumb Code    18  stm32f10x_tim.o(.text)
    TIM_SelectOutputTrigger                  0x080038a3   Thumb Code    18  stm32f10x_tim.o(.text)
    TIM_SelectSlaveMode                      0x080038b5   Thumb Code    18  stm32f10x_tim.o(.text)
    TIM_SelectMasterSlaveMode                0x080038c7   Thumb Code    18  stm32f10x_tim.o(.text)
    TIM_SetCounter                           0x080038d9   Thumb Code     4  stm32f10x_tim.o(.text)
    TIM_SetAutoreload                        0x080038dd   Thumb Code     4  stm32f10x_tim.o(.text)
    TIM_SetCompare1                          0x080038e1   Thumb Code     4  stm32f10x_tim.o(.text)
    TIM_SetCompare2                          0x080038e5   Thumb Code     4  stm32f10x_tim.o(.text)
    TIM_SetCompare3                          0x080038e9   Thumb Code     4  stm32f10x_tim.o(.text)
    TIM_SetCompare4                          0x080038ed   Thumb Code     6  stm32f10x_tim.o(.text)
    TIM_SetClockDivision                     0x080038f3   Thumb Code    18  stm32f10x_tim.o(.text)
    TIM_GetCapture1                          0x08003905   Thumb Code     6  stm32f10x_tim.o(.text)
    TIM_GetCapture2                          0x0800390b   Thumb Code     6  stm32f10x_tim.o(.text)
    TIM_GetCapture3                          0x08003911   Thumb Code     6  stm32f10x_tim.o(.text)
    TIM_GetCapture4                          0x08003917   Thumb Code     8  stm32f10x_tim.o(.text)
    TIM_GetCounter                           0x0800391f   Thumb Code     6  stm32f10x_tim.o(.text)
    TIM_GetPrescaler                         0x08003925   Thumb Code     6  stm32f10x_tim.o(.text)
    TIM_GetFlagStatus                        0x0800392b   Thumb Code    18  stm32f10x_tim.o(.text)
    TIM_ClearFlag                            0x0800393d   Thumb Code     6  stm32f10x_tim.o(.text)
    TIM_GetITStatus                          0x08003943   Thumb Code    34  stm32f10x_tim.o(.text)
    TIM_ClearITPendingBit                    0x08003965   Thumb Code     6  stm32f10x_tim.o(.text)
    USART_DeInit                             0x0800396d   Thumb Code   134  stm32f10x_usart.o(.text)
    USART_Init                               0x080039f3   Thumb Code   210  stm32f10x_usart.o(.text)
    USART_StructInit                         0x08003ac5   Thumb Code    24  stm32f10x_usart.o(.text)
    USART_ClockInit                          0x08003add   Thumb Code    34  stm32f10x_usart.o(.text)
    USART_ClockStructInit                    0x08003aff   Thumb Code    12  stm32f10x_usart.o(.text)
    USART_Cmd                                0x08003b0b   Thumb Code    24  stm32f10x_usart.o(.text)
    USART_ITConfig                           0x08003b23   Thumb Code    74  stm32f10x_usart.o(.text)
    USART_DMACmd                             0x08003b6d   Thumb Code    18  stm32f10x_usart.o(.text)
    USART_SetAddress                         0x08003b7f   Thumb Code    18  stm32f10x_usart.o(.text)
    USART_WakeUpConfig                       0x08003b91   Thumb Code    18  stm32f10x_usart.o(.text)
    USART_ReceiverWakeUpCmd                  0x08003ba3   Thumb Code    24  stm32f10x_usart.o(.text)
    USART_LINBreakDetectLengthConfig         0x08003bbb   Thumb Code    18  stm32f10x_usart.o(.text)
    USART_LINCmd                             0x08003bcd   Thumb Code    24  stm32f10x_usart.o(.text)
    USART_SendData                           0x08003be5   Thumb Code     8  stm32f10x_usart.o(.text)
    USART_ReceiveData                        0x08003bed   Thumb Code    10  stm32f10x_usart.o(.text)
    USART_SendBreak                          0x08003bf7   Thumb Code    10  stm32f10x_usart.o(.text)
    USART_SetGuardTime                       0x08003c01   Thumb Code    16  stm32f10x_usart.o(.text)
    USART_SetPrescaler                       0x08003c11   Thumb Code    16  stm32f10x_usart.o(.text)
    USART_SmartCardCmd                       0x08003c21   Thumb Code    24  stm32f10x_usart.o(.text)
    USART_SmartCardNACKCmd                   0x08003c39   Thumb Code    24  stm32f10x_usart.o(.text)
    USART_HalfDuplexCmd                      0x08003c51   Thumb Code    24  stm32f10x_usart.o(.text)
    USART_OverSampling8Cmd                   0x08003c69   Thumb Code    22  stm32f10x_usart.o(.text)
    USART_OneBitMethodCmd                    0x08003c7f   Thumb Code    24  stm32f10x_usart.o(.text)
    USART_IrDAConfig                         0x08003c97   Thumb Code    18  stm32f10x_usart.o(.text)
    USART_IrDACmd                            0x08003ca9   Thumb Code    24  stm32f10x_usart.o(.text)
    USART_GetFlagStatus                      0x08003cc1   Thumb Code    26  stm32f10x_usart.o(.text)
    USART_ClearFlag                          0x08003cdb   Thumb Code    18  stm32f10x_usart.o(.text)
    USART_GetITStatus                        0x08003ced   Thumb Code    84  stm32f10x_usart.o(.text)
    USART_ClearITPendingBit                  0x08003d41   Thumb Code    52  stm32f10x_usart.o(.text)
    WWDG_DeInit                              0x08003d75   Thumb Code    22  stm32f10x_wwdg.o(.text)
    WWDG_SetPrescaler                        0x08003d8b   Thumb Code    18  stm32f10x_wwdg.o(.text)
    WWDG_SetWindowValue                      0x08003d9d   Thumb Code    34  stm32f10x_wwdg.o(.text)
    WWDG_EnableIT                            0x08003dbf   Thumb Code     8  stm32f10x_wwdg.o(.text)
    WWDG_SetCounter                          0x08003dc7   Thumb Code    12  stm32f10x_wwdg.o(.text)
    WWDG_Enable                              0x08003dd3   Thumb Code    12  stm32f10x_wwdg.o(.text)
    WWDG_GetFlagStatus                       0x08003ddf   Thumb Code    10  stm32f10x_wwdg.o(.text)
    WWDG_ClearFlag                           0x08003de9   Thumb Code    10  stm32f10x_wwdg.o(.text)
    SystemInit                               0x08003edb   Thumb Code    78  system_stm32f10x.o(.text)
    SystemCoreClockUpdate                    0x08003f29   Thumb Code   142  system_stm32f10x.o(.text)
    __aeabi_memset                           0x08003fdd   Thumb Code    14  memseta.o(.text)
    __aeabi_memset4                          0x08003fdd   Thumb Code     0  memseta.o(.text)
    __aeabi_memset8                          0x08003fdd   Thumb Code     0  memseta.o(.text)
    __aeabi_memclr                           0x08003feb   Thumb Code     4  memseta.o(.text)
    __aeabi_memclr4                          0x08003feb   Thumb Code     0  memseta.o(.text)
    __aeabi_memclr8                          0x08003feb   Thumb Code     0  memseta.o(.text)
    _memset$wrapper                          0x08003fef   Thumb Code    18  memseta.o(.text)
    __aeabi_uidiv                            0x08004001   Thumb Code     0  uidiv.o(.text)
    __aeabi_uidivmod                         0x08004001   Thumb Code    44  uidiv.o(.text)
    __scatterload                            0x0800402d   Thumb Code    28  init.o(.text)
    __scatterload_rt2                        0x0800402d   Thumb Code     0  init.o(.text)
    __0printf$3                              0x08004051   Thumb Code    22  printf3.o(i.__0printf$3)
    __1printf$3                              0x08004051   Thumb Code     0  printf3.o(i.__0printf$3)
    __2printf                                0x08004051   Thumb Code     0  printf3.o(i.__0printf$3)
    __scatterload_copy                       0x08004071   Thumb Code    14  handlers.o(i.__scatterload_copy)
    __scatterload_null                       0x0800407f   Thumb Code     2  handlers.o(i.__scatterload_null)
    __scatterload_zeroinit                   0x08004081   Thumb Code    14  handlers.o(i.__scatterload_zeroinit)
    Region$$Table$$Base                      0x08004248   Number         0  anon$$obj.o(Region$$Table)
    Region$$Table$$Limit                     0x08004268   Number         0  anon$$obj.o(Region$$Table)
    sysTickUptime                            0x20000004   Data           4  stm32f10x_it.o(.data)
    ack_time                                 0x20000008   Data           2  main.o(.data)
    tim2send_flag                            0x2000000a   Data           1  main.o(.data)
    led_time                                 0x2000000b   Data           1  main.o(.data)
    write_flag                               0x2000000c   Data           1  main.o(.data)
    data_cnt                                 0x2000000d   Data           1  main.o(.data)
    statusflag                               0x20000012   Data           1  esp8266.o(.data)
    BufferSize                               0x20000013   Data           1  mpu9250.o(.data)
    SystemCoreClock                          0x20000038   Data           4  system_stm32f10x.o(.data)
    AHBPrescTable                            0x2000003c   Data          16  system_stm32f10x.o(.data)
    __stdout                                 0x2000004c   Data           4  stdout.o(.data)
    SendBuff                                 0x20000050   Data        5000  usart1.o(.bss)
    gyro_offset                              0x200013d8   Data          12  mpu9250.o(.bss)
    accel_offset                             0x200013e4   Data          12  mpu9250.o(.bss)
    FlashWriteBuffer                         0x200013f0   Data          12  mpu9250.o(.bss)
    caches                                   0x200013fc   Data         256  mpu9250.o(.bss)
    __initial_sp                             0x20001900   Data           0  startup_stm32f10x_md.o(STACK)



==============================================================================

Memory Map of the image

  Image Entry point : 0x080000ed

  Load Region LR_IROM1 (Base: 0x08000000, Size: 0x000042b8, Max: 0x00010000, ABSOLUTE)

    Execution Region ER_IROM1 (Exec base: 0x08000000, Load base: 0x08000000, Size: 0x00004268, Max: 0x00010000, ABSOLUTE)

    Exec Addr    Load Addr    Size         Type   Attr      Idx    E Section Name        Object

    0x08000000   0x08000000   0x000000ec   Data   RO            3    RESET               startup_stm32f10x_md.o
    0x080000ec   0x080000ec   0x00000000   Code   RO          673  * .ARM.Collect$$$$00000000  mc_w.l(entry.o)
    0x080000ec   0x080000ec   0x00000004   Code   RO          939    .ARM.Collect$$$$00000001  mc_w.l(entry2.o)
    0x080000f0   0x080000f0   0x00000004   Code   RO          942    .ARM.Collect$$$$00000004  mc_w.l(entry5.o)
    0x080000f4   0x080000f4   0x00000000   Code   RO          944    .ARM.Collect$$$$00000008  mc_w.l(entry7b.o)
    0x080000f4   0x080000f4   0x00000000   Code   RO          946    .ARM.Collect$$$$0000000A  mc_w.l(entry8b.o)
    0x080000f4   0x080000f4   0x00000008   Code   RO          947    .ARM.Collect$$$$0000000B  mc_w.l(entry9a.o)
    0x080000fc   0x080000fc   0x00000000   Code   RO          949    .ARM.Collect$$$$0000000D  mc_w.l(entry10a.o)
    0x080000fc   0x080000fc   0x00000000   Code   RO          951    .ARM.Collect$$$$0000000F  mc_w.l(entry11a.o)
    0x080000fc   0x080000fc   0x00000004   Code   RO          940    .ARM.Collect$$$$00002712  mc_w.l(entry2.o)
    0x08000100   0x08000100   0x00000024   Code   RO            4    .text               startup_stm32f10x_md.o
    0x08000124   0x08000124   0x000000c4   Code   RO           10    .text               stm32f10x_it.o
    0x080001e8   0x080001e8   0x00000160   Code   RO          115    .text               main.o
    0x08000348   0x08000348   0x00000288   Code   RO          167    .text               usart1.o
    0x080005d0   0x080005d0   0x000000dc   Code   RO          192    .text               usart3.o
    0x080006ac   0x080006ac   0x00000098   Code   RO          211    .text               led.o
    0x08000744   0x08000744   0x000000ac   Code   RO          223    .text               delay.o
    0x080007f0   0x080007f0   0x000003e8   Code   RO          237    .text               esp8266.o
    0x08000bd8   0x08000bd8   0x00000258   Code   RO          259    .text               i2c.o
    0x08000e30   0x08000e30   0x00000408   Code   RO          274    .text               mpu9250.o
    0x08001238   0x08001238   0x0000049c   Code   RO          297    .text               spi_flash.o
    0x080016d4   0x080016d4   0x00000660   Code   RO          309    .text               datapro.o
    0x08001d34   0x08001d34   0x00000030   Code   RO          324    .text               sysreset.o
    0x08001d64   0x08001d64   0x00000044   Code   RO          340    .text               watchdog.o
    0x08001da8   0x08001da8   0x0000006a   Code   RO          352    .text               time.o
    0x08001e12   0x08001e12   0x00000002   PAD
    0x08001e14   0x08001e14   0x000000dc   Code   RO          364    .text               misc.o
    0x08001ef0   0x08001ef0   0x00000254   Code   RO          463    .text               stm32f10x_dma.o
    0x08002144   0x08002144   0x0000035c   Code   RO          511    .text               stm32f10x_gpio.o
    0x080024a0   0x080024a0   0x000003a4   Code   RO          559    .text               stm32f10x_rcc.o
    0x08002844   0x08002844   0x0000030c   Code   RO          597    .text               stm32f10x_spi.o
    0x08002b50   0x08002b50   0x00000e1a   Code   RO          609    .text               stm32f10x_tim.o
    0x0800396a   0x0800396a   0x00000002   PAD
    0x0800396c   0x0800396c   0x00000408   Code   RO          621    .text               stm32f10x_usart.o
    0x08003d74   0x08003d74   0x00000088   Code   RO          633    .text               stm32f10x_wwdg.o
    0x08003dfc   0x08003dfc   0x000001e0   Code   RO          655    .text               system_stm32f10x.o
    0x08003fdc   0x08003fdc   0x00000024   Code   RO          676    .text               mc_w.l(memseta.o)
    0x08004000   0x08004000   0x0000002c   Code   RO          954    .text               mc_w.l(uidiv.o)
    0x0800402c   0x0800402c   0x00000024   Code   RO          969    .text               mc_w.l(init.o)
    0x08004050   0x08004050   0x00000020   Code   RO          767    i.__0printf$3       mc_w.l(printf3.o)
    0x08004070   0x08004070   0x0000000e   Code   RO          981    i.__scatterload_copy  mc_w.l(handlers.o)
    0x0800407e   0x0800407e   0x00000002   Code   RO          982    i.__scatterload_null  mc_w.l(handlers.o)
    0x08004080   0x08004080   0x0000000e   Code   RO          983    i.__scatterload_zeroinit  mc_w.l(handlers.o)
    0x0800408e   0x0800408e   0x00000002   PAD
    0x08004090   0x08004090   0x000001b8   Code   RO          774    i._printf_core      mc_w.l(printf3.o)
    0x08004248   0x08004248   0x00000020   Data   RO          979    Region$$Table       anon$$obj.o


    Execution Region RW_IRAM1 (Exec base: 0x20000000, Load base: 0x08004268, Size: 0x00001900, Max: 0x00005000, ABSOLUTE)

    Exec Addr    Load Addr    Size         Type   Attr      Idx    E Section Name        Object

    0x20000000   0x08004268   0x00000008   Data   RW           11    .data               stm32f10x_it.o
    0x20000008   0x08004270   0x00000006   Data   RW          116    .data               main.o
    0x2000000e   0x08004276   0x00000004   Data   RW          224    .data               delay.o
    0x20000012   0x0800427a   0x00000001   Data   RW          238    .data               esp8266.o
    0x20000013   0x0800427b   0x00000002   Data   RW          276    .data               mpu9250.o
    0x20000015   0x0800427d   0x00000003   PAD
    0x20000018   0x08004280   0x0000000c   Data   RW          310    .data               datapro.o
    0x20000024   0x0800428c   0x00000014   Data   RW          560    .data               stm32f10x_rcc.o
    0x20000038   0x080042a0   0x00000014   Data   RW          656    .data               system_stm32f10x.o
    0x2000004c   0x080042b4   0x00000004   Data   RW          953    .data               mc_w.l(stdout.o)
    0x20000050        -       0x00001388   Zero   RW          168    .bss                usart1.o
    0x200013d8        -       0x00000124   Zero   RW          275    .bss                mpu9250.o
    0x200014fc   0x080042b8   0x00000004   PAD
    0x20001500        -       0x00000400   Zero   RW            1    STACK               startup_stm32f10x_md.o


==============================================================================

Image component sizes


      Code (inc. data)   RO Data    RW Data    ZI Data      Debug   Object Name

      1632        290          0         12          0       4461   datapro.o
       172          8          0          4          0       1067   delay.o
      1000        392          0          1          0       2078   esp8266.o
       600         14          0          0          0       1828   i2c.o
       152          6          0          0          0        524   led.o
       352         42          0          6          0       1659   main.o
       220         22          0          0          0       3473   misc.o
      1032         88          0          2        292       4961   mpu9250.o
      1180         20          0          0          0       4568   spi_flash.o
        36          8        236          0       1024        848   startup_stm32f10x_md.o
       596          8          0          0          0       4354   stm32f10x_dma.o
       860         38          0          0          0       5721   stm32f10x_gpio.o
       196         14          0          8          0     270833   stm32f10x_it.o
       932         36          0         20          0       8908   stm32f10x_rcc.o
       780         14          0          0          0       6598   stm32f10x_spi.o
      3610         88          0          0          0      22828   stm32f10x_tim.o
      1032         22          0          0          0       8444   stm32f10x_usart.o
       136         10          0          0          0       2280   stm32f10x_wwdg.o
        48         10          0          0          0      15639   sysreset.o
       480         38          0         20          0       1847   system_stm32f10x.o
       106          0          0          0          0        540   time.o
       648         16          0          0       5000       3377   usart1.o
       220         10          0          0          0       2664   usart3.o
        68          0          0          0          0        504   watchdog.o

    ----------------------------------------------------------------------
     16092       1194        268         76       6320     380004   Object Totals
         0          0         32          0          0          0   (incl. Generated)
         4          0          0          3          4          0   (incl. Padding)

    ----------------------------------------------------------------------

      Code (inc. data)   RO Data    RW Data    ZI Data      Debug   Library Member Name

         0          0          0          0          0          0   entry.o
         0          0          0          0          0          0   entry10a.o
         0          0          0          0          0          0   entry11a.o
         8          4          0          0          0          0   entry2.o
         4          0          0          0          0          0   entry5.o
         0          0          0          0          0          0   entry7b.o
         0          0          0          0          0          0   entry8b.o
         8          4          0          0          0          0   entry9a.o
        30          0          0          0          0          0   handlers.o
        36          8          0          0          0         68   init.o
        36          0          0          0          0        108   memseta.o
       472         14          0          0          0        184   printf3.o
         0          0          0          4          0          0   stdout.o
        44          0          0          0          0         80   uidiv.o

    ----------------------------------------------------------------------
       640         30          0          4          0        440   Library Totals
         2          0          0          0          0          0   (incl. Padding)

    ----------------------------------------------------------------------

      Code (inc. data)   RO Data    RW Data    ZI Data      Debug   Library Name

       638         30          0          4          0        440   mc_w.l

    ----------------------------------------------------------------------
       640         30          0          4          0        440   Library Totals

    ----------------------------------------------------------------------

==============================================================================


      Code (inc. data)   RO Data    RW Data    ZI Data      Debug   

     16732       1224        268         80       6320     378360   Grand Totals
     16732       1224        268         80       6320     378360   ELF Image Totals
     16732       1224        268         80          0          0   ROM Totals

==============================================================================

    Total RO  Size (Code + RO Data)                17000 (  16.60kB)
    Total RW  Size (RW Data + ZI Data)              6400 (   6.25kB)
    Total ROM Size (Code + RO Data + RW Data)      17080 (  16.68kB)

==============================================================================

